13:17:24 **** Build of project ex5_bsp ****
make -k all 
"Running Make include in ps7_cortexa9_0/libsrc/bram_v4_1/src"
make -C ps7_cortexa9_0/libsrc/bram_v4_1/src -s include  "SHELL=CMD" "COMPILER=arm-none-eabi-gcc" "ARCHIVER=arm-none-eabi-ar" "COMPILER_FLAGS=  -O2 -c" "EXTRA_COMPILER_FLAGS=-mcpu=cortex-a9 -mfpu=vfpv3 -mfloat-abi=hard -nostartfiles -Wall -Wextra"
"Running Make include in ps7_cortexa9_0/libsrc/coresightps_dcc_v1_4/src"
make -C ps7_cortexa9_0/libsrc/coresightps_dcc_v1_4/src -s include  "SHELL=CMD" "COMPILER=arm-none-eabi-gcc" "ARCHIVER=arm-none-eabi-ar" "COMPILER_FLAGS=  -O2 -c" "EXTRA_COMPILER_FLAGS=-mcpu=cortex-a9 -mfpu=vfpv3 -mfloat-abi=hard -nostartfiles -Wall -Wextra"
"Running Make include in ps7_cortexa9_0/libsrc/cpu_cortexa9_v2_4/src"
make -C ps7_cortexa9_0/libsrc/cpu_cortexa9_v2_4/src -s include  "SHELL=CMD" "COMPILER=arm-none-eabi-gcc" "ARCHIVER=arm-none-eabi-ar" "COMPILER_FLAGS=  -O2 -c" "EXTRA_COMPILER_FLAGS=-mcpu=cortex-a9 -mfpu=vfpv3 -mfloat-abi=hard -nostartfiles -Wall -Wextra"
"Running Make include in ps7_cortexa9_0/libsrc/ddrps_v1_0/src"
make -C ps7_cortexa9_0/libsrc/ddrps_v1_0/src -s include  "SHELL=CMD" "COMPILER=arm-none-eabi-gcc" "ARCHIVER=arm-none-eabi-ar" "COMPILER_FLAGS=  -O2 -c" "EXTRA_COMPILER_FLAGS=-mcpu=cortex-a9 -mfpu=vfpv3 -mfloat-abi=hard -nostartfiles -Wall -Wextra"
"Running Make include in ps7_cortexa9_0/libsrc/devcfg_v3_4/src"
make -C ps7_cortexa9_0/libsrc/devcfg_v3_4/src -s include  "SHELL=CMD" "COMPILER=arm-none-eabi-gcc" "ARCHIVER=arm-none-eabi-ar" "COMPILER_FLAGS=  -O2 -c" "EXTRA_COMPILER_FLAGS=-mcpu=cortex-a9 -mfpu=vfpv3 -mfloat-abi=hard -nostartfiles -Wall -Wextra"
"Running Make include in ps7_cortexa9_0/libsrc/dmaps_v2_3/src"
make -C ps7_cortexa9_0/libsrc/dmaps_v2_3/src -s include  "SHELL=CMD" "COMPILER=arm-none-eabi-gcc" "ARCHIVER=arm-none-eabi-ar" "COMPILER_FLAGS=  -O2 -c" "EXTRA_COMPILER_FLAGS=-mcpu=cortex-a9 -mfpu=vfpv3 -mfloat-abi=hard -nostartfiles -Wall -Wextra"
"Running Make include in ps7_cortexa9_0/libsrc/gpio_v4_3/src"
make -C ps7_cortexa9_0/libsrc/gpio_v4_3/src -s include  "SHELL=CMD" "COMPILER=arm-none-eabi-gcc" "ARCHIVER=arm-none-eabi-ar" "COMPILER_FLAGS=  -O2 -c" "EXTRA_COMPILER_FLAGS=-mcpu=cortex-a9 -mfpu=vfpv3 -mfloat-abi=hard -nostartfiles -Wall -Wextra"
"Running Make include in ps7_cortexa9_0/libsrc/gpiops_v3_3/src"
make -C ps7_cortexa9_0/libsrc/gpiops_v3_3/src -s include  "SHELL=CMD" "COMPILER=arm-none-eabi-gcc" "ARCHIVER=arm-none-eabi-ar" "COMPILER_FLAGS=  -O2 -c" "EXTRA_COMPILER_FLAGS=-mcpu=cortex-a9 -mfpu=vfpv3 -mfloat-abi=hard -nostartfiles -Wall -Wextra"
"Running Make include in ps7_cortexa9_0/libsrc/led_ip_v1_0/src"
make -C ps7_cortexa9_0/libsrc/led_ip_v1_0/src -s include  "SHELL=CMD" "COMPILER=arm-none-eabi-gcc" "ARCHIVER=arm-none-eabi-ar" "COMPILER_FLAGS=  -O2 -c" "EXTRA_COMPILER_FLAGS=-mcpu=cortex-a9 -mfpu=vfpv3 -mfloat-abi=hard -nostartfiles -Wall -Wextra"
"Running Make include in ps7_cortexa9_0/libsrc/matrix_ip_v1_0/src"
make -C ps7_cortexa9_0/libsrc/matrix_ip_v1_0/src -s include  "SHELL=CMD" "COMPILER=arm-none-eabi-gcc" "ARCHIVER=arm-none-eabi-ar" "COMPILER_FLAGS=  -O2 -c" "EXTRA_COMPILER_FLAGS=-mcpu=cortex-a9 -mfpu=vfpv3 -mfloat-abi=hard -nostartfiles -Wall -Wextra"
"Running Make include in ps7_cortexa9_0/libsrc/scugic_v3_7/src"
make -C ps7_cortexa9_0/libsrc/scugic_v3_7/src -s include  "SHELL=CMD" "COMPILER=arm-none-eabi-gcc" "ARCHIVER=arm-none-eabi-ar" "COMPILER_FLAGS=  -O2 -c" "EXTRA_COMPILER_FLAGS=-mcpu=cortex-a9 -mfpu=vfpv3 -mfloat-abi=hard -nostartfiles -Wall -Wextra"
"Running Make include in ps7_cortexa9_0/libsrc/scutimer_v2_1/src"
make -C ps7_cortexa9_0/libsrc/scutimer_v2_1/src -s include  "SHELL=CMD" "COMPILER=arm-none-eabi-gcc" "ARCHIVER=arm-none-eabi-ar" "COMPILER_FLAGS=  -O2 -c" "EXTRA_COMPILER_FLAGS=-mcpu=cortex-a9 -mfpu=vfpv3 -mfloat-abi=hard -nostartfiles -Wall -Wextra"
"Running Make include in ps7_cortexa9_0/libsrc/scuwdt_v2_1/src"
make -C ps7_cortexa9_0/libsrc/scuwdt_v2_1/src -s include  "SHELL=CMD" "COMPILER=arm-none-eabi-gcc" "ARCHIVER=arm-none-eabi-ar" "COMPILER_FLAGS=  -O2 -c" "EXTRA_COMPILER_FLAGS=-mcpu=cortex-a9 -mfpu=vfpv3 -mfloat-abi=hard -nostartfiles -Wall -Wextra"
"Running Make include in ps7_cortexa9_0/libsrc/standalone_v6_3/src"
make -C ps7_cortexa9_0/libsrc/standalone_v6_3/src -s include  "SHELL=CMD" "COMPILER=arm-none-eabi-gcc" "ARCHIVER=arm-none-eabi-ar" "COMPILER_FLAGS=  -O2 -c" "EXTRA_COMPILER_FLAGS=-mcpu=cortex-a9 -mfpu=vfpv3 -mfloat-abi=hard -nostartfiles -Wall -Wextra"
"Running Make include in ps7_cortexa9_0/libsrc/uartps_v3_4/src"
make -C ps7_cortexa9_0/libsrc/uartps_v3_4/src -s include  "SHELL=CMD" "COMPILER=arm-none-eabi-gcc" "ARCHIVER=arm-none-eabi-ar" "COMPILER_FLAGS=  -O2 -c" "EXTRA_COMPILER_FLAGS=-mcpu=cortex-a9 -mfpu=vfpv3 -mfloat-abi=hard -nostartfiles -Wall -Wextra"
"Running Make include in ps7_cortexa9_0/libsrc/xadcps_v2_2/src"
make -C ps7_cortexa9_0/libsrc/xadcps_v2_2/src -s include  "SHELL=CMD" "COMPILER=arm-none-eabi-gcc" "ARCHIVER=arm-none-eabi-ar" "COMPILER_FLAGS=  -O2 -c" "EXTRA_COMPILER_FLAGS=-mcpu=cortex-a9 -mfpu=vfpv3 -mfloat-abi=hard -nostartfiles -Wall -Wextra"
"Running Make libs in ps7_cortexa9_0/libsrc/bram_v4_1/src"
make -C ps7_cortexa9_0/libsrc/bram_v4_1/src -s libs  "SHELL=CMD" "COMPILER=arm-none-eabi-gcc" "ARCHIVER=arm-none-eabi-ar" "COMPILER_FLAGS=  -O2 -c" "EXTRA_COMPILER_FLAGS=-mcpu=cortex-a9 -mfpu=vfpv3 -mfloat-abi=hard -nostartfiles -Wall -Wextra"
"Compiling bram"
arm-none-eabi-ar: creating ../../../lib/libxil.a
"Running Make libs in ps7_cortexa9_0/libsrc/coresightps_dcc_v1_4/src"
make -C ps7_cortexa9_0/libsrc/coresightps_dcc_v1_4/src -s libs  "SHELL=CMD" "COMPILER=arm-none-eabi-gcc" "ARCHIVER=arm-none-eabi-ar" "COMPILER_FLAGS=  -O2 -c" "EXTRA_COMPILER_FLAGS=-mcpu=cortex-a9 -mfpu=vfpv3 -mfloat-abi=hard -nostartfiles -Wall -Wextra"
"Compiling coresightps_dcc"
"Running Make libs in ps7_cortexa9_0/libsrc/cpu_cortexa9_v2_4/src"
make -C ps7_cortexa9_0/libsrc/cpu_cortexa9_v2_4/src -s libs  "SHELL=CMD" "COMPILER=arm-none-eabi-gcc" "ARCHIVER=arm-none-eabi-ar" "COMPILER_FLAGS=  -O2 -c" "EXTRA_COMPILER_FLAGS=-mcpu=cortex-a9 -mfpu=vfpv3 -mfloat-abi=hard -nostartfiles -Wall -Wextra"
"Compiling cpu_cortexa9"
"Running Make libs in ps7_cortexa9_0/libsrc/ddrps_v1_0/src"
make -C ps7_cortexa9_0/libsrc/ddrps_v1_0/src -s libs  "SHELL=CMD" "COMPILER=arm-none-eabi-gcc" "ARCHIVER=arm-none-eabi-ar" "COMPILER_FLAGS=  -O2 -c" "EXTRA_COMPILER_FLAGS=-mcpu=cortex-a9 -mfpu=vfpv3 -mfloat-abi=hard -nostartfiles -Wall -Wextra"
"Compiling ddrps"
"Running Make libs in ps7_cortexa9_0/libsrc/devcfg_v3_4/src"
make -C ps7_cortexa9_0/libsrc/devcfg_v3_4/src -s libs  "SHELL=CMD" "COMPILER=arm-none-eabi-gcc" "ARCHIVER=arm-none-eabi-ar" "COMPILER_FLAGS=  -O2 -c" "EXTRA_COMPILER_FLAGS=-mcpu=cortex-a9 -mfpu=vfpv3 -mfloat-abi=hard -nostartfiles -Wall -Wextra"
"Compiling devcfg"
"Running Make libs in ps7_cortexa9_0/libsrc/dmaps_v2_3/src"
make -C ps7_cortexa9_0/libsrc/dmaps_v2_3/src -s libs  "SHELL=CMD" "COMPILER=arm-none-eabi-gcc" "ARCHIVER=arm-none-eabi-ar" "COMPILER_FLAGS=  -O2 -c" "EXTRA_COMPILER_FLAGS=-mcpu=cortex-a9 -mfpu=vfpv3 -mfloat-abi=hard -nostartfiles -Wall -Wextra"
"Compiling dmaps"
"Running Make libs in ps7_cortexa9_0/libsrc/gpio_v4_3/src"
make -C ps7_cortexa9_0/libsrc/gpio_v4_3/src -s libs  "SHELL=CMD" "COMPILER=arm-none-eabi-gcc" "ARCHIVER=arm-none-eabi-ar" "COMPILER_FLAGS=  -O2 -c" "EXTRA_COMPILER_FLAGS=-mcpu=cortex-a9 -mfpu=vfpv3 -mfloat-abi=hard -nostartfiles -Wall -Wextra"
"Compiling gpio"
"Running Make libs in ps7_cortexa9_0/libsrc/gpiops_v3_3/src"
make -C ps7_cortexa9_0/libsrc/gpiops_v3_3/src -s libs  "SHELL=CMD" "COMPILER=arm-none-eabi-gcc" "ARCHIVER=arm-none-eabi-ar" "COMPILER_FLAGS=  -O2 -c" "EXTRA_COMPILER_FLAGS=-mcpu=cortex-a9 -mfpu=vfpv3 -mfloat-abi=hard -nostartfiles -Wall -Wextra"
"Compiling gpiops"
"Running Make libs in ps7_cortexa9_0/libsrc/led_ip_v1_0/src"
make -C ps7_cortexa9_0/libsrc/led_ip_v1_0/src -s libs  "SHELL=CMD" "COMPILER=arm-none-eabi-gcc" "ARCHIVER=arm-none-eabi-ar" "COMPILER_FLAGS=  -O2 -c" "EXTRA_COMPILER_FLAGS=-mcpu=cortex-a9 -mfpu=vfpv3 -mfloat-abi=hard -nostartfiles -Wall -Wextra"
"Compiling led_ip..."
led_ip_selftest.c: In function 'LED_IP_Reg_SelfTest':
led_ip_selftest.c:52:55: warning: comparison between signed and unsigned integer expressions [-Wsign-compare]
    if ( LED_IP_mReadReg (baseaddr, read_loop_index*4) != (read_loop_index+1)*READ_WRITE_MUL_FACTOR){
                                                       ^~
led_ip_selftest.c:36:6: warning: unused variable 'Index' [-Wunused-variable]
  int Index;
      ^~~~~
"Running Make libs in ps7_cortexa9_0/libsrc/matrix_ip_v1_0/src"
make -C ps7_cortexa9_0/libsrc/matrix_ip_v1_0/src -s libs  "SHELL=CMD" "COMPILER=arm-none-eabi-gcc" "ARCHIVER=arm-none-eabi-ar" "COMPILER_FLAGS=  -O2 -c" "EXTRA_COMPILER_FLAGS=-mcpu=cortex-a9 -mfpu=vfpv3 -mfloat-abi=hard -nostartfiles -Wall -Wextra"
"Compiling matrix_ip..."
matrix_ip_selftest.c: In function 'MATRIX_IP_Reg_SelfTest':
matrix_ip_selftest.c:52:58: warning: comparison between signed and unsigned integer expressions [-Wsign-compare]
    if ( MATRIX_IP_mReadReg (baseaddr, read_loop_index*4) != (read_loop_index+1)*READ_WRITE_MUL_FACTOR){
                                                          ^~
matrix_ip_selftest.c:36:6: warning: unused variable 'Index' [-Wunused-variable]
  int Index;
      ^~~~~
"Running Make libs in ps7_cortexa9_0/libsrc/scugic_v3_7/src"
make -C ps7_cortexa9_0/libsrc/scugic_v3_7/src -s libs  "SHELL=CMD" "COMPILER=arm-none-eabi-gcc" "ARCHIVER=arm-none-eabi-ar" "COMPILER_FLAGS=  -O2 -c" "EXTRA_COMPILER_FLAGS=-mcpu=cortex-a9 -mfpu=vfpv3 -mfloat-abi=hard -nostartfiles -Wall -Wextra"
"Compiling scugic"
xscugic_g.c:53:2: warning: missing initializer for field 'HandlerTable' of 'XScuGic_Config {aka struct <anonymous>}' [-Wmissing-field-initializers]
  }
  ^
In file included from xscugic_g.c:41:0:
xscugic.h:218:27: note: 'HandlerTable' declared here
  XScuGic_VectorTableEntry HandlerTable[XSCUGIC_MAX_NUM_INTR_INPUTS];/**<
                           ^~~~~~~~~~~~
"Running Make libs in ps7_cortexa9_0/libsrc/scutimer_v2_1/src"
make -C ps7_cortexa9_0/libsrc/scutimer_v2_1/src -s libs  "SHELL=CMD" "COMPILER=arm-none-eabi-gcc" "ARCHIVER=arm-none-eabi-ar" "COMPILER_FLAGS=  -O2 -c" "EXTRA_COMPILER_FLAGS=-mcpu=cortex-a9 -mfpu=vfpv3 -mfloat-abi=hard -nostartfiles -Wall -Wextra"
"Compiling scutimer"
"Running Make libs in ps7_cortexa9_0/libsrc/scuwdt_v2_1/src"
make -C ps7_cortexa9_0/libsrc/scuwdt_v2_1/src -s libs  "SHELL=CMD" "COMPILER=arm-none-eabi-gcc" "ARCHIVER=arm-none-eabi-ar" "COMPILER_FLAGS=  -O2 -c" "EXTRA_COMPILER_FLAGS=-mcpu=cortex-a9 -mfpu=vfpv3 -mfloat-abi=hard -nostartfiles -Wall -Wextra"
"Compiling scuwdt"
"Running Make libs in ps7_cortexa9_0/libsrc/standalone_v6_3/src"
make -C ps7_cortexa9_0/libsrc/standalone_v6_3/src -s libs  "SHELL=CMD" "COMPILER=arm-none-eabi-gcc" "ARCHIVER=arm-none-eabi-ar" "COMPILER_FLAGS=  -O2 -c" "EXTRA_COMPILER_FLAGS=-mcpu=cortex-a9 -mfpu=vfpv3 -mfloat-abi=hard -nostartfiles -Wall -Wextra"
"Compiling standalone"
"Running Make libs in ps7_cortexa9_0/libsrc/uartps_v3_4/src"
make -C ps7_cortexa9_0/libsrc/uartps_v3_4/src -s libs  "SHELL=CMD" "COMPILER=arm-none-eabi-gcc" "ARCHIVER=arm-none-eabi-ar" "COMPILER_FLAGS=  -O2 -c" "EXTRA_COMPILER_FLAGS=-mcpu=cortex-a9 -mfpu=vfpv3 -mfloat-abi=hard -nostartfiles -Wall -Wextra"
"Compiling uartps"
"Running Make libs in ps7_cortexa9_0/libsrc/xadcps_v2_2/src"
make -C ps7_cortexa9_0/libsrc/xadcps_v2_2/src -s libs  "SHELL=CMD" "COMPILER=arm-none-eabi-gcc" "ARCHIVER=arm-none-eabi-ar" "COMPILER_FLAGS=  -O2 -c" "EXTRA_COMPILER_FLAGS=-mcpu=cortex-a9 -mfpu=vfpv3 -mfloat-abi=hard -nostartfiles -Wall -Wextra"
"Compiling xadcps"
'Finished building libraries'
13:17:48 **** Build of configuration Debug for project ex5 ****
make pre-build main-build 
a9-linaro-pre-build-step
' '
'Building file: ../src/ex5.c'
'Invoking: ARM v7 gcc compiler'
arm-none-eabi-gcc -Wall -O0 -g3 -c -fmessage-length=0 -MT"src/ex5.o" -mcpu=cortex-a9 -mfpu=vfpv3 -mfloat-abi=hard -I../../ex5_bsp/ps7_cortexa9_0/include -MMD -MP -MF"src/ex5.d" -MT"src/ex5.o" -o "src/ex5.o" "../src/ex5.c"
'Finished building: ../src/ex5.c'
' '
'Building file: ../src/platform.c'
'Invoking: ARM v7 gcc compiler'
arm-none-eabi-gcc -Wall -O0 -g3 -c -fmessage-length=0 -MT"src/platform.o" -mcpu=cortex-a9 -mfpu=vfpv3 -mfloat-abi=hard -I../../ex5_bsp/ps7_cortexa9_0/include -MMD -MP -MF"src/platform.d" -MT"src/platform.o" -o "src/platform.o" "../src/platform.c"
'Finished building: ../src/platform.c'
' '
'Building target: ex5.elf'
'Invoking: ARM v7 gcc linker'
arm-none-eabi-gcc -mcpu=cortex-a9 -mfpu=vfpv3 -mfloat-abi=hard -Wl,-build-id=none -specs=Xilinx.spec -Wl,-T -Wl,../src/lscript.ld -L../../ex5_bsp/ps7_cortexa9_0/lib -o "ex5.elf"  ./src/ex5.o ./src/platform.o   -Wl,--start-group,-lxil,-lgcc,-lc,--end-group
'Finished building target: ex5.elf'
' '
'Invoking: ARM v7 Print Size'
arm-none-eabi-size ex5.elf  |tee "ex5.elf.size"
   text	   data	    bss	    dec	    hex	filename
  19384	   1148	  22568	  43100	   a85c	ex5.elf
'Finished building: ex5.elf.size'
' '
13:17:51 **** Auto Build of configuration Debug for project ex5 ****
make pre-build main-build 
a9-linaro-pre-build-step
' '
make: Nothing to be done for `main-build'.
13:19:17 **** Auto Build of configuration Debug for project ex5 ****
make pre-build main-build 
a9-linaro-pre-build-step
' '
'Building file: ../src/ex5.c'
'Invoking: ARM v7 gcc compiler'
arm-none-eabi-gcc -Wall -O0 -g3 -c -fmessage-length=0 -MT"src/ex5.o" -mcpu=cortex-a9 -mfpu=vfpv3 -mfloat-abi=hard -I../../ex5_bsp/ps7_cortexa9_0/include -MMD -MP -MF"src/ex5.d" -MT"src/ex5.o" -o "src/ex5.o" "../src/ex5.c"
../src/ex5.c: In function 'main':
../src/ex5.c:12:9: warning: unused variable 'psb_check' [-Wunused-variable]
  int i, psb_check, dip_check, my_counter;
         ^~~~~~~~~
../src/ex5.c:12:6: warning: unused variable 'i' [-Wunused-variable]
  int i, psb_check, dip_check, my_counter;
      ^
'Finished building: ../src/ex5.c'
' '
'Building target: ex5.elf'
'Invoking: ARM v7 gcc linker'
arm-none-eabi-gcc -mcpu=cortex-a9 -mfpu=vfpv3 -mfloat-abi=hard -Wl,-build-id=none -specs=Xilinx.spec -Wl,-T -Wl,../src/lscript.ld -L../../ex5_bsp/ps7_cortexa9_0/lib -o "ex5.elf"  ./src/ex5.o ./src/platform.o   -Wl,--start-group,-lxil,-lgcc,-lc,--end-group
'Finished building target: ex5.elf'
' '
'Invoking: ARM v7 Print Size'
arm-none-eabi-size ex5.elf  |tee "ex5.elf.size"
   text	   data	    bss	    dec	    hex	filename
  24768	   1196	  22584	  48548	   bda4	ex5.elf
'Finished building: ex5.elf.size'
' '
13:19:28 **** Auto Build of configuration Debug for project ex5 ****
make pre-build main-build 
a9-linaro-pre-build-step
' '
'Building file: ../src/ex5.c'
'Invoking: ARM v7 gcc compiler'
arm-none-eabi-gcc -Wall -O0 -g3 -c -fmessage-length=0 -MT"src/ex5.o" -mcpu=cortex-a9 -mfpu=vfpv3 -mfloat-abi=hard -I../../ex5_bsp/ps7_cortexa9_0/include -MMD -MP -MF"src/ex5.d" -MT"src/ex5.o" -o "src/ex5.o" "../src/ex5.c"
../src/ex5.c: In function 'main':
../src/ex5.c:13:9: warning: unused variable 'psb_check' [-Wunused-variable]
  int i, psb_check, dip_check, my_counter;
         ^~~~~~~~~
../src/ex5.c:13:6: warning: unused variable 'i' [-Wunused-variable]
  int i, psb_check, dip_check, my_counter;
      ^
'Finished building: ../src/ex5.c'
' '
'Building target: ex5.elf'
'Invoking: ARM v7 gcc linker'
arm-none-eabi-gcc -mcpu=cortex-a9 -mfpu=vfpv3 -mfloat-abi=hard -Wl,-build-id=none -specs=Xilinx.spec -Wl,-T -Wl,../src/lscript.ld -L../../ex5_bsp/ps7_cortexa9_0/lib -o "ex5.elf"  ./src/ex5.o ./src/platform.o   -Wl,--start-group,-lxil,-lgcc,-lc,--end-group
'Finished building target: ex5.elf'
' '
'Invoking: ARM v7 Print Size'
arm-none-eabi-size ex5.elf  |tee "ex5.elf.size"
   text	   data	    bss	    dec	    hex	filename
  24768	   1196	  22584	  48548	   bda4	ex5.elf
'Finished building: ex5.elf.size'
' '
13:19:35 **** Auto Build of configuration Debug for project ex5 ****
make pre-build main-build 
a9-linaro-pre-build-step
' '
'Building file: ../src/ex5.c'
'Invoking: ARM v7 gcc compiler'
arm-none-eabi-gcc -Wall -O0 -g3 -c -fmessage-length=0 -MT"src/ex5.o" -mcpu=cortex-a9 -mfpu=vfpv3 -mfloat-abi=hard -I../../ex5_bsp/ps7_cortexa9_0/include -MMD -MP -MF"src/ex5.d" -MT"src/ex5.o" -o "src/ex5.o" "../src/ex5.c"
'Finished building: ../src/ex5.c'
' '
'Building target: ex5.elf'
'Invoking: ARM v7 gcc linker'
arm-none-eabi-gcc -mcpu=cortex-a9 -mfpu=vfpv3 -mfloat-abi=hard -Wl,-build-id=none -specs=Xilinx.spec -Wl,-T -Wl,../src/lscript.ld -L../../ex5_bsp/ps7_cortexa9_0/lib -o "ex5.elf"  ./src/ex5.o ./src/platform.o   -Wl,--start-group,-lxil,-lgcc,-lc,--end-group
'Finished building target: ex5.elf'
' '
'Invoking: ARM v7 Print Size'
arm-none-eabi-size ex5.elf  |tee "ex5.elf.size"
   text	   data	    bss	    dec	    hex	filename
  24768	   1196	  22584	  48548	   bda4	ex5.elf
'Finished building: ex5.elf.size'
' '
13:30:14 **** Auto Build of configuration Debug for project ex5 ****
make pre-build main-build 
a9-linaro-pre-build-step
' '
'Building file: ../src/ex5.c'
'Invoking: ARM v7 gcc compiler'
arm-none-eabi-gcc -Wall -O0 -g3 -c -fmessage-length=0 -MT"src/ex5.o" -mcpu=cortex-a9 -mfpu=vfpv3 -mfloat-abi=hard -I../../ex5_bsp/ps7_cortexa9_0/include -MMD -MP -MF"src/ex5.d" -MT"src/ex5.o" -o "src/ex5.o" "../src/ex5.c"
../src/ex5.c: In function 'main':
../src/ex5.c:71:14: error: 'XPAR_MATRIX_IP_0_S_AXI_BASEADDR' undeclared (first use in this function)
    Xil_Out32(XPAR_MATRIX_IP_0_S_AXI_BASEADDR + MATRIX_IP_S_AXI_SLV_REG0_OFFSET, A[row].vect);
              ^~~~~~~~~~~~~~~~~~~~~~~~~~~~~~~
../src/ex5.c:71:14: note: each undeclared identifier is reported only once for each function it appears in
../src/ex5.c:71:48: error: 'MATRIX_IP_S_AXI_SLV_REG0_OFFSET' undeclared (first use in this function)
    Xil_Out32(XPAR_MATRIX_IP_0_S_AXI_BASEADDR + MATRIX_IP_S_AXI_SLV_REG0_OFFSET, A[row].vect);
                                                ^~~~~~~~~~~~~~~~~~~~~~~~~~~~~~~
../src/ex5.c:71:81: error: 'A' undeclared (first use in this function)
    Xil_Out32(XPAR_MATRIX_IP_0_S_AXI_BASEADDR + MATRIX_IP_S_AXI_SLV_REG0_OFFSET, A[row].vect);
                                                                                 ^
../src/ex5.c:71:83: error: 'row' undeclared (first use in this function)
    Xil_Out32(XPAR_MATRIX_IP_0_S_AXI_BASEADDR + MATRIX_IP_S_AXI_SLV_REG0_OFFSET, A[row].vect);
                                                                                   ^~~
../src/ex5.c:72:48: error: 'MATRIX_IP_S_AXI_SLV_REG1_OFFSET' undeclared (first use in this function)
    Xil_Out32(XPAR_MATRIX_IP_0_S_AXI_BASEADDR + MATRIX_IP_S_AXI_SLV_REG1_OFFSET, B[col].vect);
                                                ^~~~~~~~~~~~~~~~~~~~~~~~~~~~~~~
../src/ex5.c:72:81: error: 'B' undeclared (first use in this function)
    Xil_Out32(XPAR_MATRIX_IP_0_S_AXI_BASEADDR + MATRIX_IP_S_AXI_SLV_REG1_OFFSET, B[col].vect);
                                                                                 ^
../src/ex5.c:72:83: error: 'col' undeclared (first use in this function)
    Xil_Out32(XPAR_MATRIX_IP_0_S_AXI_BASEADDR + MATRIX_IP_S_AXI_SLV_REG1_OFFSET, B[col].vect);
                                                                                   ^~~
../src/ex5.c:73:4: error: 'P' undeclared (first use in this function)
    P[row].comp[col] = Xil_In32(XPAR_MATRIX_IP_0_S_AXI_BASEADDR + MATRIX_IP_S_AXI_SLV_REG2_OFFSET);
    ^
../src/ex5.c:73:66: error: 'MATRIX_IP_S_AXI_SLV_REG2_OFFSET' undeclared (first use in this function)
    P[row].comp[col] = Xil_In32(XPAR_MATRIX_IP_0_S_AXI_BASEADDR + MATRIX_IP_S_AXI_SLV_REG2_OFFSET);
                                                                  ^~~~~~~~~~~~~~~~~~~~~~~~~~~~~~~
make: *** [src/ex5.o] Error 1
13:39:34 **** Auto Build of configuration Debug for project ex5 ****
make pre-build main-build 
a9-linaro-pre-build-step
' '
'Building file: ../src/ex5.c'
'Invoking: ARM v7 gcc compiler'
arm-none-eabi-gcc -Wall -O0 -g3 -c -fmessage-length=0 -MT"src/ex5.o" -mcpu=cortex-a9 -mfpu=vfpv3 -mfloat-abi=hard -I../../ex5_bsp/ps7_cortexa9_0/include -MMD -MP -MF"src/ex5.d" -MT"src/ex5.o" -o "src/ex5.o" "../src/ex5.c"
../src/ex5.c: In function 'main':
../src/ex5.c:71:9: error: 'row' undeclared (first use in this function)
    for (row = 0; row < 4; ++row) {
         ^~~
../src/ex5.c:71:9: note: each undeclared identifier is reported only once for each function it appears in
../src/ex5.c:72:10: error: 'col' undeclared (first use in this function)
     for (col = 0; col < 4; ++col) {
          ^~~
../src/ex5.c:74:8: error: 'XPAR_MATRIX_IP_0_S_AXI_BASEADDR' undeclared (first use in this function)
        XPAR_MATRIX_IP_0_S_AXI_BASEADDR
        ^~~~~~~~~~~~~~~~~~~~~~~~~~~~~~~
../src/ex5.c:75:12: error: 'MATRIX_IP_S_AXI_SLV_REG0_OFFSET' undeclared (first use in this function)
          + MATRIX_IP_S_AXI_SLV_REG0_OFFSET,
            ^~~~~~~~~~~~~~~~~~~~~~~~~~~~~~~
../src/ex5.c:76:8: error: 'A' undeclared (first use in this function)
        A[row].vect);
        ^
../src/ex5.c:79:12: error: 'MATRIX_IP_S_AXI_SLV_REG1_OFFSET' undeclared (first use in this function)
          + MATRIX_IP_S_AXI_SLV_REG1_OFFSET,
            ^~~~~~~~~~~~~~~~~~~~~~~~~~~~~~~
../src/ex5.c:80:8: error: 'B' undeclared (first use in this function)
        B[col].vect);
        ^
../src/ex5.c:81:6: error: 'P' undeclared (first use in this function)
      P[row].comp[col] = Xil_In32(
      ^
../src/ex5.c:83:12: error: 'MATRIX_IP_S_AXI_SLV_REG2_OFFSET' undeclared (first use in this function)
          + MATRIX_IP_S_AXI_SLV_REG2_OFFSET);
            ^~~~~~~~~~~~~~~~~~~~~~~~~~~~~~~
make: *** [src/ex5.o] Error 1
13:40:20 **** Auto Build of configuration Debug for project ex5 ****
make pre-build main-build 
a9-linaro-pre-build-step
' '
'Building file: ../src/ex5.c'
'Invoking: ARM v7 gcc compiler'
arm-none-eabi-gcc -Wall -O0 -g3 -c -fmessage-length=0 -MT"src/ex5.o" -mcpu=cortex-a9 -mfpu=vfpv3 -mfloat-abi=hard -I../../ex5_bsp/ps7_cortexa9_0/include -MMD -MP -MF"src/ex5.d" -MT"src/ex5.o" -o "src/ex5.o" "../src/ex5.c"
../src/ex5.c: In function 'main':
../src/ex5.c:74:9: error: 'row' undeclared (first use in this function)
    for (row = 0; row < 4; ++row) {
         ^~~
../src/ex5.c:74:9: note: each undeclared identifier is reported only once for each function it appears in
../src/ex5.c:75:10: error: 'col' undeclared (first use in this function)
     for (col = 0; col < 4; ++col) {
          ^~~
../src/ex5.c:77:8: error: 'XPAR_MATRIX_IP_0_S_AXI_BASEADDR' undeclared (first use in this function)
        XPAR_MATRIX_IP_0_S_AXI_BASEADDR
        ^~~~~~~~~~~~~~~~~~~~~~~~~~~~~~~
../src/ex5.c:78:12: error: 'MATRIX_IP_S_AXI_SLV_REG0_OFFSET' undeclared (first use in this function)
          + MATRIX_IP_S_AXI_SLV_REG0_OFFSET,
            ^~~~~~~~~~~~~~~~~~~~~~~~~~~~~~~
../src/ex5.c:79:8: error: 'A' undeclared (first use in this function)
        A[row].vect);
        ^
../src/ex5.c:82:12: error: 'MATRIX_IP_S_AXI_SLV_REG1_OFFSET' undeclared (first use in this function)
          + MATRIX_IP_S_AXI_SLV_REG1_OFFSET,
            ^~~~~~~~~~~~~~~~~~~~~~~~~~~~~~~
../src/ex5.c:83:8: error: 'B' undeclared (first use in this function)
        B[col].vect);
        ^
../src/ex5.c:84:6: error: 'P' undeclared (first use in this function)
      P[row].comp[col] = Xil_In32(
      ^
../src/ex5.c:86:12: error: 'MATRIX_IP_S_AXI_SLV_REG2_OFFSET' undeclared (first use in this function)
          + MATRIX_IP_S_AXI_SLV_REG2_OFFSET);
            ^~~~~~~~~~~~~~~~~~~~~~~~~~~~~~~
make: *** [src/ex5.o] Error 1
