11:30:09 **** Incremental Build of configuration Debug for project ex5 ****
make pre-build main-build 
a9-linaro-pre-build-step
' '
make: Nothing to be done for `main-build'.
11:30:17 **** Incremental Build of configuration Debug for project ex5 ****
make pre-build main-build 
a9-linaro-pre-build-step
' '
make: Nothing to be done for `main-build'.
11:30:53 **** Incremental Build of configuration Debug for project ex5 ****
make pre-build main-build 
a9-linaro-pre-build-step
' '
make: Nothing to be done for `main-build'.
11:32:17 **** Incremental Build of configuration Debug for project ex5 ****
make pre-build main-build 
a9-linaro-pre-build-step
' '
make: Nothing to be done for `main-build'.
11:34:04 **** Incremental Build of configuration Debug for project ex5 ****
make pre-build main-build 
a9-linaro-pre-build-step
' '
make: Nothing to be done for `main-build'.
11:34:31 **** Auto Build of configuration Debug for project ex5 ****
make pre-build main-build 
a9-linaro-pre-build-step
' '
'Building file: ../src/ex5main.c'
'Invoking: ARM v7 gcc compiler'
arm-none-eabi-gcc -Wall -O0 -g3 -c -fmessage-length=0 -MT"src/ex5main.o" -mcpu=cortex-a9 -mfpu=vfpv3 -mfloat-abi=hard -I../../ex5_bsp/ps7_cortexa9_0/include -MMD -MP -MF"src/ex5main.d" -MT"src/ex5main.o" -o "src/ex5main.o" "../src/ex5main.c"
../src/ex5main.c: In function 'displayMatrix':
../src/ex5main.c:49:12: warning: unused variable 'counter' [-Wunused-variable]
  int i, j, counter = 1;
            ^~~~~~~
../src/ex5main.c: In function 'main':
../src/ex5main.c:144:21: warning: passing argument 1 of 'setInputMatrices' from incompatible pointer type [-Wincompatible-pointer-types]
    setInputMatrices(A, B);
                     ^
../src/ex5main.c:30:6: note: expected 'vectorType * {aka union <anonymous> *}' but argument is of type 'vectorType (*)[4] {aka union <anonymous> (*)[4]}'
 void setInputMatrices(VectorArray A, VectorArray B) {
      ^~~~~~~~~~~~~~~~
../src/ex5main.c:144:24: warning: passing argument 2 of 'setInputMatrices' from incompatible pointer type [-Wincompatible-pointer-types]
    setInputMatrices(A, B);
                        ^
../src/ex5main.c:30:6: note: expected 'vectorType * {aka union <anonymous> *}' but argument is of type 'vectorType (*)[4] {aka union <anonymous> (*)[4]}'
 void setInputMatrices(VectorArray A, VectorArray B) {
      ^~~~~~~~~~~~~~~~
../src/ex5main.c:145:18: warning: passing argument 1 of 'displayMatrix' from incompatible pointer type [-Wincompatible-pointer-types]
    displayMatrix(A);
                  ^
../src/ex5main.c:48:6: note: expected 'vectorType * {aka union <anonymous> *}' but argument is of type 'vectorType (*)[4] {aka union <anonymous> (*)[4]}'
 void displayMatrix(VectorArray input) {
      ^~~~~~~~~~~~~
../src/ex5main.c:146:20: warning: passing argument 1 of 'multiMatrixSoft' from incompatible pointer type [-Wincompatible-pointer-types]
    multiMatrixSoft(A, B, P);
                    ^
../src/ex5main.c:61:6: note: expected 'vectorType * {aka union <anonymous> *}' but argument is of type 'vectorType (*)[4] {aka union <anonymous> (*)[4]}'
 void multiMatrixSoft(VectorArray A, VectorArray B, VectorArray P) {
      ^~~~~~~~~~~~~~~
../src/ex5main.c:146:23: warning: passing argument 2 of 'multiMatrixSoft' from incompatible pointer type [-Wincompatible-pointer-types]
    multiMatrixSoft(A, B, P);
                       ^
../src/ex5main.c:61:6: note: expected 'vectorType * {aka union <anonymous> *}' but argument is of type 'vectorType (*)[4] {aka union <anonymous> (*)[4]}'
 void multiMatrixSoft(VectorArray A, VectorArray B, VectorArray P) {
      ^~~~~~~~~~~~~~~
../src/ex5main.c:146:26: warning: passing argument 3 of 'multiMatrixSoft' from incompatible pointer type [-Wincompatible-pointer-types]
    multiMatrixSoft(A, B, P);
                          ^
../src/ex5main.c:61:6: note: expected 'vectorType * {aka union <anonymous> *}' but argument is of type 'vectorType (*)[4] {aka union <anonymous> (*)[4]}'
 void multiMatrixSoft(VectorArray A, VectorArray B, VectorArray P) {
      ^~~~~~~~~~~~~~~
../src/ex5main.c:147:18: warning: passing argument 1 of 'displayMatrix' from incompatible pointer type [-Wincompatible-pointer-types]
    displayMatrix(P);
                  ^
../src/ex5main.c:48:6: note: expected 'vectorType * {aka union <anonymous> *}' but argument is of type 'vectorType (*)[4] {aka union <anonymous> (*)[4]}'
 void displayMatrix(VectorArray input) {
      ^~~~~~~~~~~~~
'Finished building: ../src/ex5main.c'
' '
'Building target: ex5.elf'
'Invoking: ARM v7 gcc linker'
arm-none-eabi-gcc -mcpu=cortex-a9 -mfpu=vfpv3 -mfloat-abi=hard -Wl,-build-id=none -specs=Xilinx.spec -Wl,-T -Wl,../src/lscript.ld -L../../ex5_bsp/ps7_cortexa9_0/lib -o "ex5.elf"  ./src/ex5main.o   -Wl,--start-group,-lxil,-lgcc,-lc,--end-group
'Finished building target: ex5.elf'
' '
'Invoking: ARM v7 Print Size'
arm-none-eabi-size ex5.elf  |tee "ex5.elf.size"
   text	   data	    bss	    dec	    hex	filename
  25608	   1196	  22776	  49580	   c1ac	ex5.elf
'Finished building: ex5.elf.size'
' '
11:34:37 **** Incremental Build of configuration Debug for project ex5 ****
make pre-build main-build 
a9-linaro-pre-build-step
' '
make: Nothing to be done for `main-build'.
11:35:39 **** Auto Build of configuration Debug for project ex5 ****
make pre-build main-build 
a9-linaro-pre-build-step
' '
'Building file: ../src/ex5main.c'
'Invoking: ARM v7 gcc compiler'
arm-none-eabi-gcc -Wall -O0 -g3 -c -fmessage-length=0 -MT"src/ex5main.o" -mcpu=cortex-a9 -mfpu=vfpv3 -mfloat-abi=hard -I../../ex5_bsp/ps7_cortexa9_0/include -MMD -MP -MF"src/ex5main.d" -MT"src/ex5main.o" -o "src/ex5main.o" "../src/ex5main.c"
../src/ex5main.c: In function 'displayMatrix':
../src/ex5main.c:49:12: warning: unused variable 'counter' [-Wunused-variable]
  int i, j, counter = 1;
            ^~~~~~~
../src/ex5main.c: In function 'main':
../src/ex5main.c:144:21: warning: passing argument 1 of 'setInputMatrices' from incompatible pointer type [-Wincompatible-pointer-types]
    setInputMatrices(A, B);
                     ^
../src/ex5main.c:30:6: note: expected 'vectorType * {aka union <anonymous> *}' but argument is of type 'vectorType (*)[4] {aka union <anonymous> (*)[4]}'
 void setInputMatrices(VectorArray A, VectorArray B) {
      ^~~~~~~~~~~~~~~~
../src/ex5main.c:144:24: warning: passing argument 2 of 'setInputMatrices' from incompatible pointer type [-Wincompatible-pointer-types]
    setInputMatrices(A, B);
                        ^
../src/ex5main.c:30:6: note: expected 'vectorType * {aka union <anonymous> *}' but argument is of type 'vectorType (*)[4] {aka union <anonymous> (*)[4]}'
 void setInputMatrices(VectorArray A, VectorArray B) {
      ^~~~~~~~~~~~~~~~
../src/ex5main.c:145:18: warning: passing argument 1 of 'displayMatrix' from incompatible pointer type [-Wincompatible-pointer-types]
    displayMatrix(A);
                  ^
../src/ex5main.c:48:6: note: expected 'vectorType * {aka union <anonymous> *}' but argument is of type 'vectorType (*)[4] {aka union <anonymous> (*)[4]}'
 void displayMatrix(VectorArray input) {
      ^~~~~~~~~~~~~
../src/ex5main.c:146:20: warning: passing argument 1 of 'multiMatrixSoft' from incompatible pointer type [-Wincompatible-pointer-types]
    multiMatrixSoft(A, B, P);
                    ^
../src/ex5main.c:61:6: note: expected 'vectorType * {aka union <anonymous> *}' but argument is of type 'vectorType (*)[4] {aka union <anonymous> (*)[4]}'
 void multiMatrixSoft(VectorArray A, VectorArray B, VectorArray P) {
      ^~~~~~~~~~~~~~~
../src/ex5main.c:146:23: warning: passing argument 2 of 'multiMatrixSoft' from incompatible pointer type [-Wincompatible-pointer-types]
    multiMatrixSoft(A, B, P);
                       ^
../src/ex5main.c:61:6: note: expected 'vectorType * {aka union <anonymous> *}' but argument is of type 'vectorType (*)[4] {aka union <anonymous> (*)[4]}'
 void multiMatrixSoft(VectorArray A, VectorArray B, VectorArray P) {
      ^~~~~~~~~~~~~~~
../src/ex5main.c:146:26: warning: passing argument 3 of 'multiMatrixSoft' from incompatible pointer type [-Wincompatible-pointer-types]
    multiMatrixSoft(A, B, P);
                          ^
../src/ex5main.c:61:6: note: expected 'vectorType * {aka union <anonymous> *}' but argument is of type 'vectorType (*)[4] {aka union <anonymous> (*)[4]}'
 void multiMatrixSoft(VectorArray A, VectorArray B, VectorArray P) {
      ^~~~~~~~~~~~~~~
../src/ex5main.c:147:18: warning: passing argument 1 of 'displayMatrix' from incompatible pointer type [-Wincompatible-pointer-types]
    displayMatrix(P);
                  ^
../src/ex5main.c:48:6: note: expected 'vectorType * {aka union <anonymous> *}' but argument is of type 'vectorType (*)[4] {aka union <anonymous> (*)[4]}'
 void displayMatrix(VectorArray input) {
      ^~~~~~~~~~~~~
../src/ex5main.c:150:21: warning: passing argument 1 of 'setInputMatrices' from incompatible pointer type [-Wincompatible-pointer-types]
    setInputMatrices(A, B);
                     ^
../src/ex5main.c:30:6: note: expected 'vectorType * {aka union <anonymous> *}' but argument is of type 'vectorType (*)[4] {aka union <anonymous> (*)[4]}'
 void setInputMatrices(VectorArray A, VectorArray B) {
      ^~~~~~~~~~~~~~~~
../src/ex5main.c:150:24: warning: passing argument 2 of 'setInputMatrices' from incompatible pointer type [-Wincompatible-pointer-types]
    setInputMatrices(A, B);
                        ^
../src/ex5main.c:30:6: note: expected 'vectorType * {aka union <anonymous> *}' but argument is of type 'vectorType (*)[4] {aka union <anonymous> (*)[4]}'
 void setInputMatrices(VectorArray A, VectorArray B) {
      ^~~~~~~~~~~~~~~~
../src/ex5main.c:151:18: warning: passing argument 1 of 'displayMatrix' from incompatible pointer type [-Wincompatible-pointer-types]
    displayMatrix(A);
                  ^
../src/ex5main.c:48:6: note: expected 'vectorType * {aka union <anonymous> *}' but argument is of type 'vectorType (*)[4] {aka union <anonymous> (*)[4]}'
 void displayMatrix(VectorArray input) {
      ^~~~~~~~~~~~~
../src/ex5main.c:152:20: warning: passing argument 1 of 'multiMatrixSoft' from incompatible pointer type [-Wincompatible-pointer-types]
    multiMatrixSoft(A, B, P);
                    ^
../src/ex5main.c:61:6: note: expected 'vectorType * {aka union <anonymous> *}' but argument is of type 'vectorType (*)[4] {aka union <anonymous> (*)[4]}'
 void multiMatrixSoft(VectorArray A, VectorArray B, VectorArray P) {
      ^~~~~~~~~~~~~~~
../src/ex5main.c:152:23: warning: passing argument 2 of 'multiMatrixSoft' from incompatible pointer type [-Wincompatible-pointer-types]
    multiMatrixSoft(A, B, P);
                       ^
../src/ex5main.c:61:6: note: expected 'vectorType * {aka union <anonymous> *}' but argument is of type 'vectorType (*)[4] {aka union <anonymous> (*)[4]}'
 void multiMatrixSoft(VectorArray A, VectorArray B, VectorArray P) {
      ^~~~~~~~~~~~~~~
../src/ex5main.c:152:26: warning: passing argument 3 of 'multiMatrixSoft' from incompatible pointer type [-Wincompatible-pointer-types]
    multiMatrixSoft(A, B, P);
                          ^
../src/ex5main.c:61:6: note: expected 'vectorType * {aka union <anonymous> *}' but argument is of type 'vectorType (*)[4] {aka union <anonymous> (*)[4]}'
 void multiMatrixSoft(VectorArray A, VectorArray B, VectorArray P) {
      ^~~~~~~~~~~~~~~
../src/ex5main.c:153:18: warning: passing argument 1 of 'displayMatrix' from incompatible pointer type [-Wincompatible-pointer-types]
    displayMatrix(P);
                  ^
../src/ex5main.c:48:6: note: expected 'vectorType * {aka union <anonymous> *}' but argument is of type 'vectorType (*)[4] {aka union <anonymous> (*)[4]}'
 void displayMatrix(VectorArray input) {
      ^~~~~~~~~~~~~
../src/ex5main.c:157:8: error: 'XPAR_MATRIX_IP_0_S_AXI_BASEADDR' undeclared (first use in this function)
        XPAR_MATRIX_IP_0_S_AXI_BASEADDR
        ^~~~~~~~~~~~~~~~~~~~~~~~~~~~~~~
../src/ex5main.c:157:8: note: each undeclared identifier is reported only once for each function it appears in
../src/ex5main.c:158:12: error: 'MATRIX_IP_S_AXI_SLV_REG0_OFFSET' undeclared (first use in this function)
          + MATRIX_IP_S_AXI_SLV_REG0_OFFSET,
            ^~~~~~~~~~~~~~~~~~~~~~~~~~~~~~~
../src/ex5main.c:159:14: error: '(vectorType *)&A[row]' is a pointer; did you mean to use '->'?
        A[row].vect);
              ^
              ->
../src/ex5main.c:162:12: error: 'MATRIX_IP_S_AXI_SLV_REG1_OFFSET' undeclared (first use in this function)
          + MATRIX_IP_S_AXI_SLV_REG1_OFFSET,
            ^~~~~~~~~~~~~~~~~~~~~~~~~~~~~~~
../src/ex5main.c:163:14: error: '(vectorType *)&B[col]' is a pointer; did you mean to use '->'?
        B[col].vect);
              ^
              ->
../src/ex5main.c:164:12: error: '(vectorType *)&P[row]' is a pointer; did you mean to use '->'?
      P[row].comp[col] = Xil_In32(
            ^
            ->
../src/ex5main.c:166:12: error: 'MATRIX_IP_S_AXI_SLV_REG2_OFFSET' undeclared (first use in this function)
          + MATRIX_IP_S_AXI_SLV_REG2_OFFSET);
            ^~~~~~~~~~~~~~~~~~~~~~~~~~~~~~~
make: *** [src/ex5main.o] Error 1
11:36:12 **** Auto Build of configuration Debug for project ex5 ****
make pre-build main-build 
a9-linaro-pre-build-step
' '
'Building file: ../src/ex5main.c'
'Invoking: ARM v7 gcc compiler'
arm-none-eabi-gcc -Wall -O0 -g3 -c -fmessage-length=0 -MT"src/ex5main.o" -mcpu=cortex-a9 -mfpu=vfpv3 -mfloat-abi=hard -I../../ex5_bsp/ps7_cortexa9_0/include -MMD -MP -MF"src/ex5main.d" -MT"src/ex5main.o" -o "src/ex5main.o" "../src/ex5main.c"
../src/ex5main.c: In function 'displayMatrix':
../src/ex5main.c:49:12: warning: unused variable 'counter' [-Wunused-variable]
  int i, j, counter = 1;
            ^~~~~~~
../src/ex5main.c: In function 'main':
../src/ex5main.c:162:21: warning: passing argument 1 of 'setInputMatrices' from incompatible pointer type [-Wincompatible-pointer-types]
    setInputMatrices(A, B);
                     ^
../src/ex5main.c:30:6: note: expected 'vectorType * {aka union <anonymous> *}' but argument is of type 'vectorType (*)[4] {aka union <anonymous> (*)[4]}'
 void setInputMatrices(VectorArray A, VectorArray B) {
      ^~~~~~~~~~~~~~~~
../src/ex5main.c:162:24: warning: passing argument 2 of 'setInputMatrices' from incompatible pointer type [-Wincompatible-pointer-types]
    setInputMatrices(A, B);
                        ^
../src/ex5main.c:30:6: note: expected 'vectorType * {aka union <anonymous> *}' but argument is of type 'vectorType (*)[4] {aka union <anonymous> (*)[4]}'
 void setInputMatrices(VectorArray A, VectorArray B) {
      ^~~~~~~~~~~~~~~~
../src/ex5main.c:163:18: warning: passing argument 1 of 'displayMatrix' from incompatible pointer type [-Wincompatible-pointer-types]
    displayMatrix(A);
                  ^
../src/ex5main.c:48:6: note: expected 'vectorType * {aka union <anonymous> *}' but argument is of type 'vectorType (*)[4] {aka union <anonymous> (*)[4]}'
 void displayMatrix(VectorArray input) {
      ^~~~~~~~~~~~~
../src/ex5main.c:164:20: warning: passing argument 1 of 'multiMatrixSoft' from incompatible pointer type [-Wincompatible-pointer-types]
    multiMatrixSoft(A, B, P);
                    ^
../src/ex5main.c:61:6: note: expected 'vectorType * {aka union <anonymous> *}' but argument is of type 'vectorType (*)[4] {aka union <anonymous> (*)[4]}'
 void multiMatrixSoft(VectorArray A, VectorArray B, VectorArray P) {
      ^~~~~~~~~~~~~~~
../src/ex5main.c:164:23: warning: passing argument 2 of 'multiMatrixSoft' from incompatible pointer type [-Wincompatible-pointer-types]
    multiMatrixSoft(A, B, P);
                       ^
../src/ex5main.c:61:6: note: expected 'vectorType * {aka union <anonymous> *}' but argument is of type 'vectorType (*)[4] {aka union <anonymous> (*)[4]}'
 void multiMatrixSoft(VectorArray A, VectorArray B, VectorArray P) {
      ^~~~~~~~~~~~~~~
../src/ex5main.c:164:26: warning: passing argument 3 of 'multiMatrixSoft' from incompatible pointer type [-Wincompatible-pointer-types]
    multiMatrixSoft(A, B, P);
                          ^
../src/ex5main.c:61:6: note: expected 'vectorType * {aka union <anonymous> *}' but argument is of type 'vectorType (*)[4] {aka union <anonymous> (*)[4]}'
 void multiMatrixSoft(VectorArray A, VectorArray B, VectorArray P) {
      ^~~~~~~~~~~~~~~
../src/ex5main.c:165:18: warning: passing argument 1 of 'displayMatrix' from incompatible pointer type [-Wincompatible-pointer-types]
    displayMatrix(P);
                  ^
../src/ex5main.c:48:6: note: expected 'vectorType * {aka union <anonymous> *}' but argument is of type 'vectorType (*)[4] {aka union <anonymous> (*)[4]}'
 void displayMatrix(VectorArray input) {
      ^~~~~~~~~~~~~
../src/ex5main.c:168:21: warning: passing argument 1 of 'setInputMatrices' from incompatible pointer type [-Wincompatible-pointer-types]
    setInputMatrices(A, B);
                     ^
../src/ex5main.c:30:6: note: expected 'vectorType * {aka union <anonymous> *}' but argument is of type 'vectorType (*)[4] {aka union <anonymous> (*)[4]}'
 void setInputMatrices(VectorArray A, VectorArray B) {
      ^~~~~~~~~~~~~~~~
../src/ex5main.c:168:24: warning: passing argument 2 of 'setInputMatrices' from incompatible pointer type [-Wincompatible-pointer-types]
    setInputMatrices(A, B);
                        ^
../src/ex5main.c:30:6: note: expected 'vectorType * {aka union <anonymous> *}' but argument is of type 'vectorType (*)[4] {aka union <anonymous> (*)[4]}'
 void setInputMatrices(VectorArray A, VectorArray B) {
      ^~~~~~~~~~~~~~~~
../src/ex5main.c:169:18: warning: passing argument 1 of 'displayMatrix' from incompatible pointer type [-Wincompatible-pointer-types]
    displayMatrix(A);
                  ^
../src/ex5main.c:48:6: note: expected 'vectorType * {aka union <anonymous> *}' but argument is of type 'vectorType (*)[4] {aka union <anonymous> (*)[4]}'
 void displayMatrix(VectorArray input) {
      ^~~~~~~~~~~~~
../src/ex5main.c:170:20: warning: passing argument 1 of 'multiMatrixSoft' from incompatible pointer type [-Wincompatible-pointer-types]
    multiMatrixSoft(A, B, P);
                    ^
../src/ex5main.c:61:6: note: expected 'vectorType * {aka union <anonymous> *}' but argument is of type 'vectorType (*)[4] {aka union <anonymous> (*)[4]}'
 void multiMatrixSoft(VectorArray A, VectorArray B, VectorArray P) {
      ^~~~~~~~~~~~~~~
../src/ex5main.c:170:23: warning: passing argument 2 of 'multiMatrixSoft' from incompatible pointer type [-Wincompatible-pointer-types]
    multiMatrixSoft(A, B, P);
                       ^
../src/ex5main.c:61:6: note: expected 'vectorType * {aka union <anonymous> *}' but argument is of type 'vectorType (*)[4] {aka union <anonymous> (*)[4]}'
 void multiMatrixSoft(VectorArray A, VectorArray B, VectorArray P) {
      ^~~~~~~~~~~~~~~
../src/ex5main.c:170:26: warning: passing argument 3 of 'multiMatrixSoft' from incompatible pointer type [-Wincompatible-pointer-types]
    multiMatrixSoft(A, B, P);
                          ^
../src/ex5main.c:61:6: note: expected 'vectorType * {aka union <anonymous> *}' but argument is of type 'vectorType (*)[4] {aka union <anonymous> (*)[4]}'
 void multiMatrixSoft(VectorArray A, VectorArray B, VectorArray P) {
      ^~~~~~~~~~~~~~~
../src/ex5main.c:171:18: warning: passing argument 1 of 'displayMatrix' from incompatible pointer type [-Wincompatible-pointer-types]
    displayMatrix(P);
                  ^
../src/ex5main.c:48:6: note: expected 'vectorType * {aka union <anonymous> *}' but argument is of type 'vectorType (*)[4] {aka union <anonymous> (*)[4]}'
 void displayMatrix(VectorArray input) {
      ^~~~~~~~~~~~~
../src/ex5main.c:175:8: error: 'XPAR_MATRIX_IP_0_S_AXI_BASEADDR' undeclared (first use in this function)
        XPAR_MATRIX_IP_0_S_AXI_BASEADDR
        ^~~~~~~~~~~~~~~~~~~~~~~~~~~~~~~
../src/ex5main.c:175:8: note: each undeclared identifier is reported only once for each function it appears in
../src/ex5main.c:176:12: error: 'MATRIX_IP_S_AXI_SLV_REG0_OFFSET' undeclared (first use in this function)
          + MATRIX_IP_S_AXI_SLV_REG0_OFFSET,
            ^~~~~~~~~~~~~~~~~~~~~~~~~~~~~~~
../src/ex5main.c:177:14: error: '(vectorType *)&A[row]' is a pointer; did you mean to use '->'?
        A[row].vect);
              ^
              ->
../src/ex5main.c:180:12: error: 'MATRIX_IP_S_AXI_SLV_REG1_OFFSET' undeclared (first use in this function)
          + MATRIX_IP_S_AXI_SLV_REG1_OFFSET,
            ^~~~~~~~~~~~~~~~~~~~~~~~~~~~~~~
../src/ex5main.c:181:14: error: '(vectorType *)&B[col]' is a pointer; did you mean to use '->'?
        B[col].vect);
              ^
              ->
../src/ex5main.c:182:12: error: '(vectorType *)&P[row]' is a pointer; did you mean to use '->'?
      P[row].comp[col] = Xil_In32(
            ^
            ->
../src/ex5main.c:184:12: error: 'MATRIX_IP_S_AXI_SLV_REG2_OFFSET' undeclared (first use in this function)
          + MATRIX_IP_S_AXI_SLV_REG2_OFFSET);
            ^~~~~~~~~~~~~~~~~~~~~~~~~~~~~~~
make: *** [src/ex5main.o] Error 1
11:40:01 **** Auto Build of configuration Debug for project ex5 ****
make pre-build main-build 
a9-linaro-pre-build-step
' '
'Building file: ../src/ex5main.c'
'Invoking: ARM v7 gcc compiler'
arm-none-eabi-gcc -Wall -O0 -g3 -c -fmessage-length=0 -MT"src/ex5main.o" -mcpu=cortex-a9 -mfpu=vfpv3 -mfloat-abi=hard -I../../ex5_bsp/ps7_cortexa9_0/include -MMD -MP -MF"src/ex5main.d" -MT"src/ex5main.o" -o "src/ex5main.o" "../src/ex5main.c"
../src/ex5main.c: In function 'displayMatrix':
../src/ex5main.c:49:12: warning: unused variable 'counter' [-Wunused-variable]
  int i, j, counter = 1;
            ^~~~~~~
../src/ex5main.c: In function 'multiMatrixHard':
../src/ex5main.c:91:7: error: 'row' undeclared (first use in this function)
  for (row = 0; i < 4; i++) {
       ^~~
../src/ex5main.c:91:7: note: each undeclared identifier is reported only once for each function it appears in
../src/ex5main.c:92:8: error: 'col' undeclared (first use in this function)
   for (col = 0; j < 4; j++) {
        ^~~
../src/ex5main.c:95:6: error: 'XPAR_MATRIX_IP_0_S_AXI_BASEADDR' undeclared (first use in this function)
      XPAR_MATRIX_IP_0_S_AXI_BASEADDR
      ^~~~~~~~~~~~~~~~~~~~~~~~~~~~~~~
../src/ex5main.c:96:10: error: 'MATRIX_IP_S_AXI_SLV_REG0_OFFSET' undeclared (first use in this function)
        + MATRIX_IP_S_AXI_SLV_REG0_OFFSET,
          ^~~~~~~~~~~~~~~~~~~~~~~~~~~~~~~
../src/ex5main.c:100:10: error: 'MATRIX_IP_S_AXI_SLV_REG1_OFFSET' undeclared (first use in this function)
        + MATRIX_IP_S_AXI_SLV_REG1_OFFSET,
          ^~~~~~~~~~~~~~~~~~~~~~~~~~~~~~~
../src/ex5main.c:104:10: error: 'MATRIX_IP_S_AXI_SLV_REG2_OFFSET' undeclared (first use in this function)
        + MATRIX_IP_S_AXI_SLV_REG2_OFFSET);
          ^~~~~~~~~~~~~~~~~~~~~~~~~~~~~~~
../src/ex5main.c:85:29: warning: unused variable 'k' [-Wunused-variable]
  int i, j, transpose[4][4], k;
                             ^
../src/ex5main.c:85:12: warning: variable 'transpose' set but not used [-Wunused-but-set-variable]
  int i, j, transpose[4][4], k;
            ^~~~~~~~~
../src/ex5main.c: At top level:
../src/ex5main.c:108:1: error: expected identifier or '(' before '}' token
 }
 ^
../src/ex5main.c: In function 'main':
../src/ex5main.c:171:21: warning: passing argument 1 of 'setInputMatrices' from incompatible pointer type [-Wincompatible-pointer-types]
    setInputMatrices(A, B);
                     ^
../src/ex5main.c:30:6: note: expected 'vectorType * {aka union <anonymous> *}' but argument is of type 'vectorType (*)[4] {aka union <anonymous> (*)[4]}'
 void setInputMatrices(VectorArray A, VectorArray B) {
      ^~~~~~~~~~~~~~~~
../src/ex5main.c:171:24: warning: passing argument 2 of 'setInputMatrices' from incompatible pointer type [-Wincompatible-pointer-types]
    setInputMatrices(A, B);
                        ^
../src/ex5main.c:30:6: note: expected 'vectorType * {aka union <anonymous> *}' but argument is of type 'vectorType (*)[4] {aka union <anonymous> (*)[4]}'
 void setInputMatrices(VectorArray A, VectorArray B) {
      ^~~~~~~~~~~~~~~~
../src/ex5main.c:172:18: warning: passing argument 1 of 'displayMatrix' from incompatible pointer type [-Wincompatible-pointer-types]
    displayMatrix(A);
                  ^
../src/ex5main.c:48:6: note: expected 'vectorType * {aka union <anonymous> *}' but argument is of type 'vectorType (*)[4] {aka union <anonymous> (*)[4]}'
 void displayMatrix(VectorArray input) {
      ^~~~~~~~~~~~~
../src/ex5main.c:173:20: warning: passing argument 1 of 'multiMatrixSoft' from incompatible pointer type [-Wincompatible-pointer-types]
    multiMatrixSoft(A, B, P);
                    ^
../src/ex5main.c:61:6: note: expected 'vectorType * {aka union <anonymous> *}' but argument is of type 'vectorType (*)[4] {aka union <anonymous> (*)[4]}'
 void multiMatrixSoft(VectorArray A, VectorArray B, VectorArray P) {
      ^~~~~~~~~~~~~~~
../src/ex5main.c:173:23: warning: passing argument 2 of 'multiMatrixSoft' from incompatible pointer type [-Wincompatible-pointer-types]
    multiMatrixSoft(A, B, P);
                       ^
../src/ex5main.c:61:6: note: expected 'vectorType * {aka union <anonymous> *}' but argument is of type 'vectorType (*)[4] {aka union <anonymous> (*)[4]}'
 void multiMatrixSoft(VectorArray A, VectorArray B, VectorArray P) {
      ^~~~~~~~~~~~~~~
../src/ex5main.c:173:26: warning: passing argument 3 of 'multiMatrixSoft' from incompatible pointer type [-Wincompatible-pointer-types]
    multiMatrixSoft(A, B, P);
                          ^
../src/ex5main.c:61:6: note: expected 'vectorType * {aka union <anonymous> *}' but argument is of type 'vectorType (*)[4] {aka union <anonymous> (*)[4]}'
 void multiMatrixSoft(VectorArray A, VectorArray B, VectorArray P) {
      ^~~~~~~~~~~~~~~
../src/ex5main.c:174:18: warning: passing argument 1 of 'displayMatrix' from incompatible pointer type [-Wincompatible-pointer-types]
    displayMatrix(P);
                  ^
../src/ex5main.c:48:6: note: expected 'vectorType * {aka union <anonymous> *}' but argument is of type 'vectorType (*)[4] {aka union <anonymous> (*)[4]}'
 void displayMatrix(VectorArray input) {
      ^~~~~~~~~~~~~
../src/ex5main.c:177:21: warning: passing argument 1 of 'setInputMatrices' from incompatible pointer type [-Wincompatible-pointer-types]
    setInputMatrices(A, B);
                     ^
../src/ex5main.c:30:6: note: expected 'vectorType * {aka union <anonymous> *}' but argument is of type 'vectorType (*)[4] {aka union <anonymous> (*)[4]}'
 void setInputMatrices(VectorArray A, VectorArray B) {
      ^~~~~~~~~~~~~~~~
../src/ex5main.c:177:24: warning: passing argument 2 of 'setInputMatrices' from incompatible pointer type [-Wincompatible-pointer-types]
    setInputMatrices(A, B);
                        ^
../src/ex5main.c:30:6: note: expected 'vectorType * {aka union <anonymous> *}' but argument is of type 'vectorType (*)[4] {aka union <anonymous> (*)[4]}'
 void setInputMatrices(VectorArray A, VectorArray B) {
      ^~~~~~~~~~~~~~~~
../src/ex5main.c:178:18: warning: passing argument 1 of 'displayMatrix' from incompatible pointer type [-Wincompatible-pointer-types]
    displayMatrix(A);
                  ^
../src/ex5main.c:48:6: note: expected 'vectorType * {aka union <anonymous> *}' but argument is of type 'vectorType (*)[4] {aka union <anonymous> (*)[4]}'
 void displayMatrix(VectorArray input) {
      ^~~~~~~~~~~~~
../src/ex5main.c:179:20: warning: passing argument 1 of 'multiMatrixSoft' from incompatible pointer type [-Wincompatible-pointer-types]
    multiMatrixSoft(A, B, P);
                    ^
../src/ex5main.c:61:6: note: expected 'vectorType * {aka union <anonymous> *}' but argument is of type 'vectorType (*)[4] {aka union <anonymous> (*)[4]}'
 void multiMatrixSoft(VectorArray A, VectorArray B, VectorArray P) {
      ^~~~~~~~~~~~~~~
../src/ex5main.c:179:23: warning: passing argument 2 of 'multiMatrixSoft' from incompatible pointer type [-Wincompatible-pointer-types]
    multiMatrixSoft(A, B, P);
                       ^
../src/ex5main.c:61:6: note: expected 'vectorType * {aka union <anonymous> *}' but argument is of type 'vectorType (*)[4] {aka union <anonymous> (*)[4]}'
 void multiMatrixSoft(VectorArray A, VectorArray B, VectorArray P) {
      ^~~~~~~~~~~~~~~
../src/ex5main.c:179:26: warning: passing argument 3 of 'multiMatrixSoft' from incompatible pointer type [-Wincompatible-pointer-types]
    multiMatrixSoft(A, B, P);
                          ^
../src/ex5main.c:61:6: note: expected 'vectorType * {aka union <anonymous> *}' but argument is of type 'vectorType (*)[4] {aka union <anonymous> (*)[4]}'
 void multiMatrixSoft(VectorArray A, VectorArray B, VectorArray P) {
      ^~~~~~~~~~~~~~~
../src/ex5main.c:180:18: warning: passing argument 1 of 'displayMatrix' from incompatible pointer type [-Wincompatible-pointer-types]
    displayMatrix(P);
                  ^
../src/ex5main.c:48:6: note: expected 'vectorType * {aka union <anonymous> *}' but argument is of type 'vectorType (*)[4] {aka union <anonymous> (*)[4]}'
 void displayMatrix(VectorArray input) {
      ^~~~~~~~~~~~~
../src/ex5main.c:184:8: error: 'XPAR_MATRIX_IP_0_S_AXI_BASEADDR' undeclared (first use in this function)
        XPAR_MATRIX_IP_0_S_AXI_BASEADDR
        ^~~~~~~~~~~~~~~~~~~~~~~~~~~~~~~
../src/ex5main.c:185:12: error: 'MATRIX_IP_S_AXI_SLV_REG0_OFFSET' undeclared (first use in this function)
          + MATRIX_IP_S_AXI_SLV_REG0_OFFSET,
            ^~~~~~~~~~~~~~~~~~~~~~~~~~~~~~~
../src/ex5main.c:186:14: error: '(vectorType *)&A[row]' is a pointer; did you mean to use '->'?
        A[row].vect);
              ^
              ->
../src/ex5main.c:189:12: error: 'MATRIX_IP_S_AXI_SLV_REG1_OFFSET' undeclared (first use in this function)
          + MATRIX_IP_S_AXI_SLV_REG1_OFFSET,
            ^~~~~~~~~~~~~~~~~~~~~~~~~~~~~~~
../src/ex5main.c:190:14: error: '(vectorType *)&B[col]' is a pointer; did you mean to use '->'?
        B[col].vect);
              ^
              ->
../src/ex5main.c:191:12: error: '(vectorType *)&P[row]' is a pointer; did you mean to use '->'?
      P[row].comp[col] = Xil_In32(
            ^
            ->
../src/ex5main.c:193:12: error: 'MATRIX_IP_S_AXI_SLV_REG2_OFFSET' undeclared (first use in this function)
          + MATRIX_IP_S_AXI_SLV_REG2_OFFSET);
            ^~~~~~~~~~~~~~~~~~~~~~~~~~~~~~~
make: *** [src/ex5main.o] Error 1
11:40:13 **** Auto Build of configuration Debug for project ex5 ****
make pre-build main-build 
a9-linaro-pre-build-step
' '
'Building file: ../src/ex5main.c'
'Invoking: ARM v7 gcc compiler'
arm-none-eabi-gcc -Wall -O0 -g3 -c -fmessage-length=0 -MT"src/ex5main.o" -mcpu=cortex-a9 -mfpu=vfpv3 -mfloat-abi=hard -I../../ex5_bsp/ps7_cortexa9_0/include -MMD -MP -MF"src/ex5main.d" -MT"src/ex5main.o" -o "src/ex5main.o" "../src/ex5main.c"
../src/ex5main.c: In function 'displayMatrix':
../src/ex5main.c:49:12: warning: unused variable 'counter' [-Wunused-variable]
  int i, j, counter = 1;
            ^~~~~~~
../src/ex5main.c: In function 'multiMatrixHard':
../src/ex5main.c:95:6: error: 'XPAR_MATRIX_IP_0_S_AXI_BASEADDR' undeclared (first use in this function)
      XPAR_MATRIX_IP_0_S_AXI_BASEADDR
      ^~~~~~~~~~~~~~~~~~~~~~~~~~~~~~~
../src/ex5main.c:95:6: note: each undeclared identifier is reported only once for each function it appears in
../src/ex5main.c:96:10: error: 'MATRIX_IP_S_AXI_SLV_REG0_OFFSET' undeclared (first use in this function)
        + MATRIX_IP_S_AXI_SLV_REG0_OFFSET,
          ^~~~~~~~~~~~~~~~~~~~~~~~~~~~~~~
../src/ex5main.c:100:10: error: 'MATRIX_IP_S_AXI_SLV_REG1_OFFSET' undeclared (first use in this function)
        + MATRIX_IP_S_AXI_SLV_REG1_OFFSET,
          ^~~~~~~~~~~~~~~~~~~~~~~~~~~~~~~
../src/ex5main.c:104:10: error: 'MATRIX_IP_S_AXI_SLV_REG2_OFFSET' undeclared (first use in this function)
        + MATRIX_IP_S_AXI_SLV_REG2_OFFSET);
          ^~~~~~~~~~~~~~~~~~~~~~~~~~~~~~~
../src/ex5main.c:85:29: warning: unused variable 'k' [-Wunused-variable]
  int i, j, transpose[4][4], k;
                             ^
../src/ex5main.c:85:12: warning: variable 'transpose' set but not used [-Wunused-but-set-variable]
  int i, j, transpose[4][4], k;
            ^~~~~~~~~
../src/ex5main.c: At top level:
../src/ex5main.c:108:1: error: expected identifier or '(' before '}' token
 }
 ^
../src/ex5main.c: In function 'main':
../src/ex5main.c:171:21: warning: passing argument 1 of 'setInputMatrices' from incompatible pointer type [-Wincompatible-pointer-types]
    setInputMatrices(A, B);
                     ^
../src/ex5main.c:30:6: note: expected 'vectorType * {aka union <anonymous> *}' but argument is of type 'vectorType (*)[4] {aka union <anonymous> (*)[4]}'
 void setInputMatrices(VectorArray A, VectorArray B) {
      ^~~~~~~~~~~~~~~~
../src/ex5main.c:171:24: warning: passing argument 2 of 'setInputMatrices' from incompatible pointer type [-Wincompatible-pointer-types]
    setInputMatrices(A, B);
                        ^
../src/ex5main.c:30:6: note: expected 'vectorType * {aka union <anonymous> *}' but argument is of type 'vectorType (*)[4] {aka union <anonymous> (*)[4]}'
 void setInputMatrices(VectorArray A, VectorArray B) {
      ^~~~~~~~~~~~~~~~
../src/ex5main.c:172:18: warning: passing argument 1 of 'displayMatrix' from incompatible pointer type [-Wincompatible-pointer-types]
    displayMatrix(A);
                  ^
../src/ex5main.c:48:6: note: expected 'vectorType * {aka union <anonymous> *}' but argument is of type 'vectorType (*)[4] {aka union <anonymous> (*)[4]}'
 void displayMatrix(VectorArray input) {
      ^~~~~~~~~~~~~
../src/ex5main.c:173:20: warning: passing argument 1 of 'multiMatrixSoft' from incompatible pointer type [-Wincompatible-pointer-types]
    multiMatrixSoft(A, B, P);
                    ^
../src/ex5main.c:61:6: note: expected 'vectorType * {aka union <anonymous> *}' but argument is of type 'vectorType (*)[4] {aka union <anonymous> (*)[4]}'
 void multiMatrixSoft(VectorArray A, VectorArray B, VectorArray P) {
      ^~~~~~~~~~~~~~~
../src/ex5main.c:173:23: warning: passing argument 2 of 'multiMatrixSoft' from incompatible pointer type [-Wincompatible-pointer-types]
    multiMatrixSoft(A, B, P);
                       ^
../src/ex5main.c:61:6: note: expected 'vectorType * {aka union <anonymous> *}' but argument is of type 'vectorType (*)[4] {aka union <anonymous> (*)[4]}'
 void multiMatrixSoft(VectorArray A, VectorArray B, VectorArray P) {
      ^~~~~~~~~~~~~~~
../src/ex5main.c:173:26: warning: passing argument 3 of 'multiMatrixSoft' from incompatible pointer type [-Wincompatible-pointer-types]
    multiMatrixSoft(A, B, P);
                          ^
../src/ex5main.c:61:6: note: expected 'vectorType * {aka union <anonymous> *}' but argument is of type 'vectorType (*)[4] {aka union <anonymous> (*)[4]}'
 void multiMatrixSoft(VectorArray A, VectorArray B, VectorArray P) {
      ^~~~~~~~~~~~~~~
../src/ex5main.c:174:18: warning: passing argument 1 of 'displayMatrix' from incompatible pointer type [-Wincompatible-pointer-types]
    displayMatrix(P);
                  ^
../src/ex5main.c:48:6: note: expected 'vectorType * {aka union <anonymous> *}' but argument is of type 'vectorType (*)[4] {aka union <anonymous> (*)[4]}'
 void displayMatrix(VectorArray input) {
      ^~~~~~~~~~~~~
../src/ex5main.c:177:21: warning: passing argument 1 of 'setInputMatrices' from incompatible pointer type [-Wincompatible-pointer-types]
    setInputMatrices(A, B);
                     ^
../src/ex5main.c:30:6: note: expected 'vectorType * {aka union <anonymous> *}' but argument is of type 'vectorType (*)[4] {aka union <anonymous> (*)[4]}'
 void setInputMatrices(VectorArray A, VectorArray B) {
      ^~~~~~~~~~~~~~~~
../src/ex5main.c:177:24: warning: passing argument 2 of 'setInputMatrices' from incompatible pointer type [-Wincompatible-pointer-types]
    setInputMatrices(A, B);
                        ^
../src/ex5main.c:30:6: note: expected 'vectorType * {aka union <anonymous> *}' but argument is of type 'vectorType (*)[4] {aka union <anonymous> (*)[4]}'
 void setInputMatrices(VectorArray A, VectorArray B) {
      ^~~~~~~~~~~~~~~~
../src/ex5main.c:178:18: warning: passing argument 1 of 'displayMatrix' from incompatible pointer type [-Wincompatible-pointer-types]
    displayMatrix(A);
                  ^
../src/ex5main.c:48:6: note: expected 'vectorType * {aka union <anonymous> *}' but argument is of type 'vectorType (*)[4] {aka union <anonymous> (*)[4]}'
 void displayMatrix(VectorArray input) {
      ^~~~~~~~~~~~~
../src/ex5main.c:179:20: warning: passing argument 1 of 'multiMatrixSoft' from incompatible pointer type [-Wincompatible-pointer-types]
    multiMatrixSoft(A, B, P);
                    ^
../src/ex5main.c:61:6: note: expected 'vectorType * {aka union <anonymous> *}' but argument is of type 'vectorType (*)[4] {aka union <anonymous> (*)[4]}'
 void multiMatrixSoft(VectorArray A, VectorArray B, VectorArray P) {
      ^~~~~~~~~~~~~~~
../src/ex5main.c:179:23: warning: passing argument 2 of 'multiMatrixSoft' from incompatible pointer type [-Wincompatible-pointer-types]
    multiMatrixSoft(A, B, P);
                       ^
../src/ex5main.c:61:6: note: expected 'vectorType * {aka union <anonymous> *}' but argument is of type 'vectorType (*)[4] {aka union <anonymous> (*)[4]}'
 void multiMatrixSoft(VectorArray A, VectorArray B, VectorArray P) {
      ^~~~~~~~~~~~~~~
../src/ex5main.c:179:26: warning: passing argument 3 of 'multiMatrixSoft' from incompatible pointer type [-Wincompatible-pointer-types]
    multiMatrixSoft(A, B, P);
                          ^
../src/ex5main.c:61:6: note: expected 'vectorType * {aka union <anonymous> *}' but argument is of type 'vectorType (*)[4] {aka union <anonymous> (*)[4]}'
 void multiMatrixSoft(VectorArray A, VectorArray B, VectorArray P) {
      ^~~~~~~~~~~~~~~
../src/ex5main.c:180:18: warning: passing argument 1 of 'displayMatrix' from incompatible pointer type [-Wincompatible-pointer-types]
    displayMatrix(P);
                  ^
../src/ex5main.c:48:6: note: expected 'vectorType * {aka union <anonymous> *}' but argument is of type 'vectorType (*)[4] {aka union <anonymous> (*)[4]}'
 void displayMatrix(VectorArray input) {
      ^~~~~~~~~~~~~
../src/ex5main.c:184:8: error: 'XPAR_MATRIX_IP_0_S_AXI_BASEADDR' undeclared (first use in this function)
        XPAR_MATRIX_IP_0_S_AXI_BASEADDR
        ^~~~~~~~~~~~~~~~~~~~~~~~~~~~~~~
../src/ex5main.c:185:12: error: 'MATRIX_IP_S_AXI_SLV_REG0_OFFSET' undeclared (first use in this function)
          + MATRIX_IP_S_AXI_SLV_REG0_OFFSET,
            ^~~~~~~~~~~~~~~~~~~~~~~~~~~~~~~
../src/ex5main.c:186:14: error: '(vectorType *)&A[row]' is a pointer; did you mean to use '->'?
        A[row].vect);
              ^
              ->
../src/ex5main.c:189:12: error: 'MATRIX_IP_S_AXI_SLV_REG1_OFFSET' undeclared (first use in this function)
          + MATRIX_IP_S_AXI_SLV_REG1_OFFSET,
            ^~~~~~~~~~~~~~~~~~~~~~~~~~~~~~~
../src/ex5main.c:190:14: error: '(vectorType *)&B[col]' is a pointer; did you mean to use '->'?
        B[col].vect);
              ^
              ->
../src/ex5main.c:191:12: error: '(vectorType *)&P[row]' is a pointer; did you mean to use '->'?
      P[row].comp[col] = Xil_In32(
            ^
            ->
../src/ex5main.c:193:12: error: 'MATRIX_IP_S_AXI_SLV_REG2_OFFSET' undeclared (first use in this function)
          + MATRIX_IP_S_AXI_SLV_REG2_OFFSET);
            ^~~~~~~~~~~~~~~~~~~~~~~~~~~~~~~
make: *** [src/ex5main.o] Error 1
11:45:43 **** Auto Build of configuration Debug for project ex5 ****
make pre-build main-build 
a9-linaro-pre-build-step
' '
'Building file: ../src/ex5main.c'
'Invoking: ARM v7 gcc compiler'
arm-none-eabi-gcc -Wall -O0 -g3 -c -fmessage-length=0 -MT"src/ex5main.o" -mcpu=cortex-a9 -mfpu=vfpv3 -mfloat-abi=hard -I../../ex5_bsp/ps7_cortexa9_0/include -MMD -MP -MF"src/ex5main.d" -MT"src/ex5main.o" -o "src/ex5main.o" "../src/ex5main.c"
../src/ex5main.c: In function 'displayMatrix':
../src/ex5main.c:49:12: warning: unused variable 'counter' [-Wunused-variable]
  int i, j, counter = 1;
            ^~~~~~~
../src/ex5main.c: In function 'multiMatrixHard':
../src/ex5main.c:95:6: error: 'XPAR_MATRIX_IP_0_S_AXI_BASEADDR' undeclared (first use in this function)
      XPAR_MATRIX_IP_0_S_AXI_BASEADDR
      ^~~~~~~~~~~~~~~~~~~~~~~~~~~~~~~
../src/ex5main.c:95:6: note: each undeclared identifier is reported only once for each function it appears in
../src/ex5main.c:100:10: error: 'MATRIX_IP_S_AXI_SLV_REG1_OFFSET' undeclared (first use in this function)
        + MATRIX_IP_S_AXI_SLV_REG1_OFFSET,
          ^~~~~~~~~~~~~~~~~~~~~~~~~~~~~~~
../src/ex5main.c:104:10: error: 'MATRIX_IP_S_AXI_SLV_REG2_OFFSET' undeclared (first use in this function)
        + MATRIX_IP_S_AXI_SLV_REG2_OFFSET);
          ^~~~~~~~~~~~~~~~~~~~~~~~~~~~~~~
../src/ex5main.c:85:29: warning: unused variable 'k' [-Wunused-variable]
  int i, j, transpose[4][4], k;
                             ^
../src/ex5main.c:85:12: warning: variable 'transpose' set but not used [-Wunused-but-set-variable]
  int i, j, transpose[4][4], k;
            ^~~~~~~~~
../src/ex5main.c: At top level:
../src/ex5main.c:108:1: error: expected identifier or '(' before '}' token
 }
 ^
../src/ex5main.c: In function 'main':
../src/ex5main.c:170:21: warning: passing argument 1 of 'setInputMatrices' from incompatible pointer type [-Wincompatible-pointer-types]
    setInputMatrices(A, B);
                     ^
../src/ex5main.c:30:6: note: expected 'vectorType * {aka union <anonymous> *}' but argument is of type 'vectorType (*)[4] {aka union <anonymous> (*)[4]}'
 void setInputMatrices(VectorArray A, VectorArray B) {
      ^~~~~~~~~~~~~~~~
../src/ex5main.c:170:24: warning: passing argument 2 of 'setInputMatrices' from incompatible pointer type [-Wincompatible-pointer-types]
    setInputMatrices(A, B);
                        ^
../src/ex5main.c:30:6: note: expected 'vectorType * {aka union <anonymous> *}' but argument is of type 'vectorType (*)[4] {aka union <anonymous> (*)[4]}'
 void setInputMatrices(VectorArray A, VectorArray B) {
      ^~~~~~~~~~~~~~~~
../src/ex5main.c:171:18: warning: passing argument 1 of 'displayMatrix' from incompatible pointer type [-Wincompatible-pointer-types]
    displayMatrix(A);
                  ^
../src/ex5main.c:48:6: note: expected 'vectorType * {aka union <anonymous> *}' but argument is of type 'vectorType (*)[4] {aka union <anonymous> (*)[4]}'
 void displayMatrix(VectorArray input) {
      ^~~~~~~~~~~~~
../src/ex5main.c:172:20: warning: passing argument 1 of 'multiMatrixSoft' from incompatible pointer type [-Wincompatible-pointer-types]
    multiMatrixSoft(A, B, P);
                    ^
../src/ex5main.c:61:6: note: expected 'vectorType * {aka union <anonymous> *}' but argument is of type 'vectorType (*)[4] {aka union <anonymous> (*)[4]}'
 void multiMatrixSoft(VectorArray A, VectorArray B, VectorArray P) {
      ^~~~~~~~~~~~~~~
../src/ex5main.c:172:23: warning: passing argument 2 of 'multiMatrixSoft' from incompatible pointer type [-Wincompatible-pointer-types]
    multiMatrixSoft(A, B, P);
                       ^
../src/ex5main.c:61:6: note: expected 'vectorType * {aka union <anonymous> *}' but argument is of type 'vectorType (*)[4] {aka union <anonymous> (*)[4]}'
 void multiMatrixSoft(VectorArray A, VectorArray B, VectorArray P) {
      ^~~~~~~~~~~~~~~
../src/ex5main.c:172:26: warning: passing argument 3 of 'multiMatrixSoft' from incompatible pointer type [-Wincompatible-pointer-types]
    multiMatrixSoft(A, B, P);
                          ^
../src/ex5main.c:61:6: note: expected 'vectorType * {aka union <anonymous> *}' but argument is of type 'vectorType (*)[4] {aka union <anonymous> (*)[4]}'
 void multiMatrixSoft(VectorArray A, VectorArray B, VectorArray P) {
      ^~~~~~~~~~~~~~~
../src/ex5main.c:173:18: warning: passing argument 1 of 'displayMatrix' from incompatible pointer type [-Wincompatible-pointer-types]
    displayMatrix(P);
                  ^
../src/ex5main.c:48:6: note: expected 'vectorType * {aka union <anonymous> *}' but argument is of type 'vectorType (*)[4] {aka union <anonymous> (*)[4]}'
 void displayMatrix(VectorArray input) {
      ^~~~~~~~~~~~~
../src/ex5main.c:176:21: warning: passing argument 1 of 'setInputMatrices' from incompatible pointer type [-Wincompatible-pointer-types]
    setInputMatrices(A, B);
                     ^
../src/ex5main.c:30:6: note: expected 'vectorType * {aka union <anonymous> *}' but argument is of type 'vectorType (*)[4] {aka union <anonymous> (*)[4]}'
 void setInputMatrices(VectorArray A, VectorArray B) {
      ^~~~~~~~~~~~~~~~
../src/ex5main.c:176:24: warning: passing argument 2 of 'setInputMatrices' from incompatible pointer type [-Wincompatible-pointer-types]
    setInputMatrices(A, B);
                        ^
../src/ex5main.c:30:6: note: expected 'vectorType * {aka union <anonymous> *}' but argument is of type 'vectorType (*)[4] {aka union <anonymous> (*)[4]}'
 void setInputMatrices(VectorArray A, VectorArray B) {
      ^~~~~~~~~~~~~~~~
../src/ex5main.c:177:18: warning: passing argument 1 of 'displayMatrix' from incompatible pointer type [-Wincompatible-pointer-types]
    displayMatrix(A);
                  ^
../src/ex5main.c:48:6: note: expected 'vectorType * {aka union <anonymous> *}' but argument is of type 'vectorType (*)[4] {aka union <anonymous> (*)[4]}'
 void displayMatrix(VectorArray input) {
      ^~~~~~~~~~~~~
../src/ex5main.c:178:20: warning: passing argument 1 of 'multiMatrixSoft' from incompatible pointer type [-Wincompatible-pointer-types]
    multiMatrixSoft(A, B, P);
                    ^
../src/ex5main.c:61:6: note: expected 'vectorType * {aka union <anonymous> *}' but argument is of type 'vectorType (*)[4] {aka union <anonymous> (*)[4]}'
 void multiMatrixSoft(VectorArray A, VectorArray B, VectorArray P) {
      ^~~~~~~~~~~~~~~
../src/ex5main.c:178:23: warning: passing argument 2 of 'multiMatrixSoft' from incompatible pointer type [-Wincompatible-pointer-types]
    multiMatrixSoft(A, B, P);
                       ^
../src/ex5main.c:61:6: note: expected 'vectorType * {aka union <anonymous> *}' but argument is of type 'vectorType (*)[4] {aka union <anonymous> (*)[4]}'
 void multiMatrixSoft(VectorArray A, VectorArray B, VectorArray P) {
      ^~~~~~~~~~~~~~~
../src/ex5main.c:178:26: warning: passing argument 3 of 'multiMatrixSoft' from incompatible pointer type [-Wincompatible-pointer-types]
    multiMatrixSoft(A, B, P);
                          ^
../src/ex5main.c:61:6: note: expected 'vectorType * {aka union <anonymous> *}' but argument is of type 'vectorType (*)[4] {aka union <anonymous> (*)[4]}'
 void multiMatrixSoft(VectorArray A, VectorArray B, VectorArray P) {
      ^~~~~~~~~~~~~~~
../src/ex5main.c:179:18: warning: passing argument 1 of 'displayMatrix' from incompatible pointer type [-Wincompatible-pointer-types]
    displayMatrix(P);
                  ^
../src/ex5main.c:48:6: note: expected 'vectorType * {aka union <anonymous> *}' but argument is of type 'vectorType (*)[4] {aka union <anonymous> (*)[4]}'
 void displayMatrix(VectorArray input) {
      ^~~~~~~~~~~~~
../src/ex5main.c:183:8: error: 'XPAR_MATRIX_IP_0_S_AXI_BASEADDR' undeclared (first use in this function)
        XPAR_MATRIX_IP_0_S_AXI_BASEADDR
        ^~~~~~~~~~~~~~~~~~~~~~~~~~~~~~~
../src/ex5main.c:184:12: error: 'MATRIX_IP_S_AXI_SLV_REG0_OFFSET' undeclared (first use in this function)
          + MATRIX_IP_S_AXI_SLV_REG0_OFFSET,
            ^~~~~~~~~~~~~~~~~~~~~~~~~~~~~~~
../src/ex5main.c:185:14: error: '(vectorType *)&A[row]' is a pointer; did you mean to use '->'?
        A[row].vect);
              ^
              ->
../src/ex5main.c:188:12: error: 'MATRIX_IP_S_AXI_SLV_REG1_OFFSET' undeclared (first use in this function)
          + MATRIX_IP_S_AXI_SLV_REG1_OFFSET,
            ^~~~~~~~~~~~~~~~~~~~~~~~~~~~~~~
../src/ex5main.c:189:14: error: '(vectorType *)&B[col]' is a pointer; did you mean to use '->'?
        B[col].vect);
              ^
              ->
../src/ex5main.c:190:12: error: '(vectorType *)&P[row]' is a pointer; did you mean to use '->'?
      P[row].comp[col] = Xil_In32(
            ^
            ->
../src/ex5main.c:192:12: error: 'MATRIX_IP_S_AXI_SLV_REG2_OFFSET' undeclared (first use in this function)
          + MATRIX_IP_S_AXI_SLV_REG2_OFFSET);
            ^~~~~~~~~~~~~~~~~~~~~~~~~~~~~~~
make: *** [src/ex5main.o] Error 1
11:45:53 **** Auto Build of configuration Debug for project ex5 ****
make pre-build main-build 
a9-linaro-pre-build-step
' '
'Building file: ../src/ex5main.c'
'Invoking: ARM v7 gcc compiler'
arm-none-eabi-gcc -Wall -O0 -g3 -c -fmessage-length=0 -MT"src/ex5main.o" -mcpu=cortex-a9 -mfpu=vfpv3 -mfloat-abi=hard -I../../ex5_bsp/ps7_cortexa9_0/include -MMD -MP -MF"src/ex5main.d" -MT"src/ex5main.o" -o "src/ex5main.o" "../src/ex5main.c"
../src/ex5main.c: In function 'displayMatrix':
../src/ex5main.c:49:12: warning: unused variable 'counter' [-Wunused-variable]
  int i, j, counter = 1;
            ^~~~~~~
../src/ex5main.c: In function 'multiMatrixHard':
../src/ex5main.c:95:6: error: 'XPAR_MATRIX_IP_0_S_AXI_BASEADDR' undeclared (first use in this function)
      XPAR_MATRIX_IP_0_S_AXI_BASEADDR
      ^~~~~~~~~~~~~~~~~~~~~~~~~~~~~~~
../src/ex5main.c:95:6: note: each undeclared identifier is reported only once for each function it appears in
../src/ex5main.c:85:29: warning: unused variable 'k' [-Wunused-variable]
  int i, j, transpose[4][4], k;
                             ^
../src/ex5main.c:85:12: warning: variable 'transpose' set but not used [-Wunused-but-set-variable]
  int i, j, transpose[4][4], k;
            ^~~~~~~~~
../src/ex5main.c: At top level:
../src/ex5main.c:108:1: error: expected identifier or '(' before '}' token
 }
 ^
../src/ex5main.c: In function 'main':
../src/ex5main.c:170:21: warning: passing argument 1 of 'setInputMatrices' from incompatible pointer type [-Wincompatible-pointer-types]
    setInputMatrices(A, B);
                     ^
../src/ex5main.c:30:6: note: expected 'vectorType * {aka union <anonymous> *}' but argument is of type 'vectorType (*)[4] {aka union <anonymous> (*)[4]}'
 void setInputMatrices(VectorArray A, VectorArray B) {
      ^~~~~~~~~~~~~~~~
../src/ex5main.c:170:24: warning: passing argument 2 of 'setInputMatrices' from incompatible pointer type [-Wincompatible-pointer-types]
    setInputMatrices(A, B);
                        ^
../src/ex5main.c:30:6: note: expected 'vectorType * {aka union <anonymous> *}' but argument is of type 'vectorType (*)[4] {aka union <anonymous> (*)[4]}'
 void setInputMatrices(VectorArray A, VectorArray B) {
      ^~~~~~~~~~~~~~~~
../src/ex5main.c:171:18: warning: passing argument 1 of 'displayMatrix' from incompatible pointer type [-Wincompatible-pointer-types]
    displayMatrix(A);
                  ^
../src/ex5main.c:48:6: note: expected 'vectorType * {aka union <anonymous> *}' but argument is of type 'vectorType (*)[4] {aka union <anonymous> (*)[4]}'
 void displayMatrix(VectorArray input) {
      ^~~~~~~~~~~~~
../src/ex5main.c:172:20: warning: passing argument 1 of 'multiMatrixSoft' from incompatible pointer type [-Wincompatible-pointer-types]
    multiMatrixSoft(A, B, P);
                    ^
../src/ex5main.c:61:6: note: expected 'vectorType * {aka union <anonymous> *}' but argument is of type 'vectorType (*)[4] {aka union <anonymous> (*)[4]}'
 void multiMatrixSoft(VectorArray A, VectorArray B, VectorArray P) {
      ^~~~~~~~~~~~~~~
../src/ex5main.c:172:23: warning: passing argument 2 of 'multiMatrixSoft' from incompatible pointer type [-Wincompatible-pointer-types]
    multiMatrixSoft(A, B, P);
                       ^
../src/ex5main.c:61:6: note: expected 'vectorType * {aka union <anonymous> *}' but argument is of type 'vectorType (*)[4] {aka union <anonymous> (*)[4]}'
 void multiMatrixSoft(VectorArray A, VectorArray B, VectorArray P) {
      ^~~~~~~~~~~~~~~
../src/ex5main.c:172:26: warning: passing argument 3 of 'multiMatrixSoft' from incompatible pointer type [-Wincompatible-pointer-types]
    multiMatrixSoft(A, B, P);
                          ^
../src/ex5main.c:61:6: note: expected 'vectorType * {aka union <anonymous> *}' but argument is of type 'vectorType (*)[4] {aka union <anonymous> (*)[4]}'
 void multiMatrixSoft(VectorArray A, VectorArray B, VectorArray P) {
      ^~~~~~~~~~~~~~~
../src/ex5main.c:173:18: warning: passing argument 1 of 'displayMatrix' from incompatible pointer type [-Wincompatible-pointer-types]
    displayMatrix(P);
                  ^
../src/ex5main.c:48:6: note: expected 'vectorType * {aka union <anonymous> *}' but argument is of type 'vectorType (*)[4] {aka union <anonymous> (*)[4]}'
 void displayMatrix(VectorArray input) {
      ^~~~~~~~~~~~~
../src/ex5main.c:176:21: warning: passing argument 1 of 'setInputMatrices' from incompatible pointer type [-Wincompatible-pointer-types]
    setInputMatrices(A, B);
                     ^
../src/ex5main.c:30:6: note: expected 'vectorType * {aka union <anonymous> *}' but argument is of type 'vectorType (*)[4] {aka union <anonymous> (*)[4]}'
 void setInputMatrices(VectorArray A, VectorArray B) {
      ^~~~~~~~~~~~~~~~
../src/ex5main.c:176:24: warning: passing argument 2 of 'setInputMatrices' from incompatible pointer type [-Wincompatible-pointer-types]
    setInputMatrices(A, B);
                        ^
../src/ex5main.c:30:6: note: expected 'vectorType * {aka union <anonymous> *}' but argument is of type 'vectorType (*)[4] {aka union <anonymous> (*)[4]}'
 void setInputMatrices(VectorArray A, VectorArray B) {
      ^~~~~~~~~~~~~~~~
../src/ex5main.c:177:18: warning: passing argument 1 of 'displayMatrix' from incompatible pointer type [-Wincompatible-pointer-types]
    displayMatrix(A);
                  ^
../src/ex5main.c:48:6: note: expected 'vectorType * {aka union <anonymous> *}' but argument is of type 'vectorType (*)[4] {aka union <anonymous> (*)[4]}'
 void displayMatrix(VectorArray input) {
      ^~~~~~~~~~~~~
../src/ex5main.c:178:20: warning: passing argument 1 of 'multiMatrixSoft' from incompatible pointer type [-Wincompatible-pointer-types]
    multiMatrixSoft(A, B, P);
                    ^
../src/ex5main.c:61:6: note: expected 'vectorType * {aka union <anonymous> *}' but argument is of type 'vectorType (*)[4] {aka union <anonymous> (*)[4]}'
 void multiMatrixSoft(VectorArray A, VectorArray B, VectorArray P) {
      ^~~~~~~~~~~~~~~
../src/ex5main.c:178:23: warning: passing argument 2 of 'multiMatrixSoft' from incompatible pointer type [-Wincompatible-pointer-types]
    multiMatrixSoft(A, B, P);
                       ^
../src/ex5main.c:61:6: note: expected 'vectorType * {aka union <anonymous> *}' but argument is of type 'vectorType (*)[4] {aka union <anonymous> (*)[4]}'
 void multiMatrixSoft(VectorArray A, VectorArray B, VectorArray P) {
      ^~~~~~~~~~~~~~~
../src/ex5main.c:178:26: warning: passing argument 3 of 'multiMatrixSoft' from incompatible pointer type [-Wincompatible-pointer-types]
    multiMatrixSoft(A, B, P);
                          ^
../src/ex5main.c:61:6: note: expected 'vectorType * {aka union <anonymous> *}' but argument is of type 'vectorType (*)[4] {aka union <anonymous> (*)[4]}'
 void multiMatrixSoft(VectorArray A, VectorArray B, VectorArray P) {
      ^~~~~~~~~~~~~~~
../src/ex5main.c:179:18: warning: passing argument 1 of 'displayMatrix' from incompatible pointer type [-Wincompatible-pointer-types]
    displayMatrix(P);
                  ^
../src/ex5main.c:48:6: note: expected 'vectorType * {aka union <anonymous> *}' but argument is of type 'vectorType (*)[4] {aka union <anonymous> (*)[4]}'
 void displayMatrix(VectorArray input) {
      ^~~~~~~~~~~~~
../src/ex5main.c:183:8: error: 'XPAR_MATRIX_IP_0_S_AXI_BASEADDR' undeclared (first use in this function)
        XPAR_MATRIX_IP_0_S_AXI_BASEADDR
        ^~~~~~~~~~~~~~~~~~~~~~~~~~~~~~~
../src/ex5main.c:184:12: error: 'MATRIX_IP_S_AXI_SLV_REG0_OFFSET' undeclared (first use in this function)
          + MATRIX_IP_S_AXI_SLV_REG0_OFFSET,
            ^~~~~~~~~~~~~~~~~~~~~~~~~~~~~~~
../src/ex5main.c:185:14: error: '(vectorType *)&A[row]' is a pointer; did you mean to use '->'?
        A[row].vect);
              ^
              ->
../src/ex5main.c:188:12: error: 'MATRIX_IP_S_AXI_SLV_REG1_OFFSET' undeclared (first use in this function)
          + MATRIX_IP_S_AXI_SLV_REG1_OFFSET,
            ^~~~~~~~~~~~~~~~~~~~~~~~~~~~~~~
../src/ex5main.c:189:14: error: '(vectorType *)&B[col]' is a pointer; did you mean to use '->'?
        B[col].vect);
              ^
              ->
../src/ex5main.c:190:12: error: '(vectorType *)&P[row]' is a pointer; did you mean to use '->'?
      P[row].comp[col] = Xil_In32(
            ^
            ->
../src/ex5main.c:192:12: error: 'MATRIX_IP_S_AXI_SLV_REG2_OFFSET' undeclared (first use in this function)
          + MATRIX_IP_S_AXI_SLV_REG2_OFFSET);
            ^~~~~~~~~~~~~~~~~~~~~~~~~~~~~~~
make: *** [src/ex5main.o] Error 1
11:47:42 **** Auto Build of configuration Debug for project ex5 ****
make pre-build main-build 
a9-linaro-pre-build-step
' '
'Building file: ../src/ex5main.c'
'Invoking: ARM v7 gcc compiler'
arm-none-eabi-gcc -Wall -O0 -g3 -c -fmessage-length=0 -MT"src/ex5main.o" -mcpu=cortex-a9 -mfpu=vfpv3 -mfloat-abi=hard -I../../ex5_bsp/ps7_cortexa9_0/include -MMD -MP -MF"src/ex5main.d" -MT"src/ex5main.o" -o "src/ex5main.o" "../src/ex5main.c"
../src/ex5main.c: In function 'displayMatrix':
../src/ex5main.c:49:12: warning: unused variable 'counter' [-Wunused-variable]
  int i, j, counter = 1;
            ^~~~~~~
../src/ex5main.c: In function 'multiMatrixHard':
../src/ex5main.c:85:29: warning: unused variable 'k' [-Wunused-variable]
  int i, j, transpose[4][4], k;
                             ^
../src/ex5main.c:85:12: warning: variable 'transpose' set but not used [-Wunused-but-set-variable]
  int i, j, transpose[4][4], k;
            ^~~~~~~~~
../src/ex5main.c: At top level:
../src/ex5main.c:109:1: error: expected identifier or '(' before '}' token
 }
 ^
../src/ex5main.c: In function 'main':
../src/ex5main.c:171:21: warning: passing argument 1 of 'setInputMatrices' from incompatible pointer type [-Wincompatible-pointer-types]
    setInputMatrices(A, B);
                     ^
../src/ex5main.c:30:6: note: expected 'vectorType * {aka union <anonymous> *}' but argument is of type 'vectorType (*)[4] {aka union <anonymous> (*)[4]}'
 void setInputMatrices(VectorArray A, VectorArray B) {
      ^~~~~~~~~~~~~~~~
../src/ex5main.c:171:24: warning: passing argument 2 of 'setInputMatrices' from incompatible pointer type [-Wincompatible-pointer-types]
    setInputMatrices(A, B);
                        ^
../src/ex5main.c:30:6: note: expected 'vectorType * {aka union <anonymous> *}' but argument is of type 'vectorType (*)[4] {aka union <anonymous> (*)[4]}'
 void setInputMatrices(VectorArray A, VectorArray B) {
      ^~~~~~~~~~~~~~~~
../src/ex5main.c:172:18: warning: passing argument 1 of 'displayMatrix' from incompatible pointer type [-Wincompatible-pointer-types]
    displayMatrix(A);
                  ^
../src/ex5main.c:48:6: note: expected 'vectorType * {aka union <anonymous> *}' but argument is of type 'vectorType (*)[4] {aka union <anonymous> (*)[4]}'
 void displayMatrix(VectorArray input) {
      ^~~~~~~~~~~~~
../src/ex5main.c:173:20: warning: passing argument 1 of 'multiMatrixSoft' from incompatible pointer type [-Wincompatible-pointer-types]
    multiMatrixSoft(A, B, P);
                    ^
../src/ex5main.c:61:6: note: expected 'vectorType * {aka union <anonymous> *}' but argument is of type 'vectorType (*)[4] {aka union <anonymous> (*)[4]}'
 void multiMatrixSoft(VectorArray A, VectorArray B, VectorArray P) {
      ^~~~~~~~~~~~~~~
../src/ex5main.c:173:23: warning: passing argument 2 of 'multiMatrixSoft' from incompatible pointer type [-Wincompatible-pointer-types]
    multiMatrixSoft(A, B, P);
                       ^
../src/ex5main.c:61:6: note: expected 'vectorType * {aka union <anonymous> *}' but argument is of type 'vectorType (*)[4] {aka union <anonymous> (*)[4]}'
 void multiMatrixSoft(VectorArray A, VectorArray B, VectorArray P) {
      ^~~~~~~~~~~~~~~
../src/ex5main.c:173:26: warning: passing argument 3 of 'multiMatrixSoft' from incompatible pointer type [-Wincompatible-pointer-types]
    multiMatrixSoft(A, B, P);
                          ^
../src/ex5main.c:61:6: note: expected 'vectorType * {aka union <anonymous> *}' but argument is of type 'vectorType (*)[4] {aka union <anonymous> (*)[4]}'
 void multiMatrixSoft(VectorArray A, VectorArray B, VectorArray P) {
      ^~~~~~~~~~~~~~~
../src/ex5main.c:174:18: warning: passing argument 1 of 'displayMatrix' from incompatible pointer type [-Wincompatible-pointer-types]
    displayMatrix(P);
                  ^
../src/ex5main.c:48:6: note: expected 'vectorType * {aka union <anonymous> *}' but argument is of type 'vectorType (*)[4] {aka union <anonymous> (*)[4]}'
 void displayMatrix(VectorArray input) {
      ^~~~~~~~~~~~~
../src/ex5main.c:177:21: warning: passing argument 1 of 'setInputMatrices' from incompatible pointer type [-Wincompatible-pointer-types]
    setInputMatrices(A, B);
                     ^
../src/ex5main.c:30:6: note: expected 'vectorType * {aka union <anonymous> *}' but argument is of type 'vectorType (*)[4] {aka union <anonymous> (*)[4]}'
 void setInputMatrices(VectorArray A, VectorArray B) {
      ^~~~~~~~~~~~~~~~
../src/ex5main.c:177:24: warning: passing argument 2 of 'setInputMatrices' from incompatible pointer type [-Wincompatible-pointer-types]
    setInputMatrices(A, B);
                        ^
../src/ex5main.c:30:6: note: expected 'vectorType * {aka union <anonymous> *}' but argument is of type 'vectorType (*)[4] {aka union <anonymous> (*)[4]}'
 void setInputMatrices(VectorArray A, VectorArray B) {
      ^~~~~~~~~~~~~~~~
../src/ex5main.c:178:18: warning: passing argument 1 of 'displayMatrix' from incompatible pointer type [-Wincompatible-pointer-types]
    displayMatrix(A);
                  ^
../src/ex5main.c:48:6: note: expected 'vectorType * {aka union <anonymous> *}' but argument is of type 'vectorType (*)[4] {aka union <anonymous> (*)[4]}'
 void displayMatrix(VectorArray input) {
      ^~~~~~~~~~~~~
../src/ex5main.c:179:20: warning: passing argument 1 of 'multiMatrixSoft' from incompatible pointer type [-Wincompatible-pointer-types]
    multiMatrixSoft(A, B, P);
                    ^
../src/ex5main.c:61:6: note: expected 'vectorType * {aka union <anonymous> *}' but argument is of type 'vectorType (*)[4] {aka union <anonymous> (*)[4]}'
 void multiMatrixSoft(VectorArray A, VectorArray B, VectorArray P) {
      ^~~~~~~~~~~~~~~
../src/ex5main.c:179:23: warning: passing argument 2 of 'multiMatrixSoft' from incompatible pointer type [-Wincompatible-pointer-types]
    multiMatrixSoft(A, B, P);
                       ^
../src/ex5main.c:61:6: note: expected 'vectorType * {aka union <anonymous> *}' but argument is of type 'vectorType (*)[4] {aka union <anonymous> (*)[4]}'
 void multiMatrixSoft(VectorArray A, VectorArray B, VectorArray P) {
      ^~~~~~~~~~~~~~~
../src/ex5main.c:179:26: warning: passing argument 3 of 'multiMatrixSoft' from incompatible pointer type [-Wincompatible-pointer-types]
    multiMatrixSoft(A, B, P);
                          ^
../src/ex5main.c:61:6: note: expected 'vectorType * {aka union <anonymous> *}' but argument is of type 'vectorType (*)[4] {aka union <anonymous> (*)[4]}'
 void multiMatrixSoft(VectorArray A, VectorArray B, VectorArray P) {
      ^~~~~~~~~~~~~~~
../src/ex5main.c:180:18: warning: passing argument 1 of 'displayMatrix' from incompatible pointer type [-Wincompatible-pointer-types]
    displayMatrix(P);
                  ^
../src/ex5main.c:48:6: note: expected 'vectorType * {aka union <anonymous> *}' but argument is of type 'vectorType (*)[4] {aka union <anonymous> (*)[4]}'
 void displayMatrix(VectorArray input) {
      ^~~~~~~~~~~~~
../src/ex5main.c:184:8: error: 'XPAR_MATRIX_IP_0_S_AXI_BASEADDR' undeclared (first use in this function)
        XPAR_MATRIX_IP_0_S_AXI_BASEADDR
        ^~~~~~~~~~~~~~~~~~~~~~~~~~~~~~~
../src/ex5main.c:184:8: note: each undeclared identifier is reported only once for each function it appears in
../src/ex5main.c:185:12: error: 'MATRIX_IP_S_AXI_SLV_REG0_OFFSET' undeclared (first use in this function)
          + MATRIX_IP_S_AXI_SLV_REG0_OFFSET,
            ^~~~~~~~~~~~~~~~~~~~~~~~~~~~~~~
../src/ex5main.c:186:14: error: '(vectorType *)&A[row]' is a pointer; did you mean to use '->'?
        A[row].vect);
              ^
              ->
../src/ex5main.c:189:12: error: 'MATRIX_IP_S_AXI_SLV_REG1_OFFSET' undeclared (first use in this function)
          + MATRIX_IP_S_AXI_SLV_REG1_OFFSET,
            ^~~~~~~~~~~~~~~~~~~~~~~~~~~~~~~
../src/ex5main.c:190:14: error: '(vectorType *)&B[col]' is a pointer; did you mean to use '->'?
        B[col].vect);
              ^
              ->
../src/ex5main.c:191:12: error: '(vectorType *)&P[row]' is a pointer; did you mean to use '->'?
      P[row].comp[col] = Xil_In32(
            ^
            ->
../src/ex5main.c:193:12: error: 'MATRIX_IP_S_AXI_SLV_REG2_OFFSET' undeclared (first use in this function)
          + MATRIX_IP_S_AXI_SLV_REG2_OFFSET);
            ^~~~~~~~~~~~~~~~~~~~~~~~~~~~~~~
make: *** [src/ex5main.o] Error 1
11:48:50 **** Auto Build of configuration Debug for project ex5 ****
make pre-build main-build 
a9-linaro-pre-build-step
' '
'Building file: ../src/ex5main.c'
'Invoking: ARM v7 gcc compiler'
arm-none-eabi-gcc -Wall -O0 -g3 -c -fmessage-length=0 -MT"src/ex5main.o" -mcpu=cortex-a9 -mfpu=vfpv3 -mfloat-abi=hard -I../../ex5_bsp/ps7_cortexa9_0/include -MMD -MP -MF"src/ex5main.d" -MT"src/ex5main.o" -o "src/ex5main.o" "../src/ex5main.c"
../src/ex5main.c: In function 'displayMatrix':
../src/ex5main.c:49:12: warning: unused variable 'counter' [-Wunused-variable]
  int i, j, counter = 1;
            ^~~~~~~
../src/ex5main.c: In function 'multiMatrixHard':
../src/ex5main.c:85:29: warning: unused variable 'k' [-Wunused-variable]
  int i, j, transpose[4][4], k;
                             ^
../src/ex5main.c:85:12: warning: variable 'transpose' set but not used [-Wunused-but-set-variable]
  int i, j, transpose[4][4], k;
            ^~~~~~~~~
../src/ex5main.c: At top level:
../src/ex5main.c:109:1: error: expected identifier or '(' before '}' token
 }
 ^
../src/ex5main.c: In function 'main':
../src/ex5main.c:171:21: warning: passing argument 1 of 'setInputMatrices' from incompatible pointer type [-Wincompatible-pointer-types]
    setInputMatrices(A, B);
                     ^
../src/ex5main.c:30:6: note: expected 'vectorType * {aka union <anonymous> *}' but argument is of type 'vectorType (*)[4] {aka union <anonymous> (*)[4]}'
 void setInputMatrices(VectorArray A, VectorArray B) {
      ^~~~~~~~~~~~~~~~
../src/ex5main.c:171:24: warning: passing argument 2 of 'setInputMatrices' from incompatible pointer type [-Wincompatible-pointer-types]
    setInputMatrices(A, B);
                        ^
../src/ex5main.c:30:6: note: expected 'vectorType * {aka union <anonymous> *}' but argument is of type 'vectorType (*)[4] {aka union <anonymous> (*)[4]}'
 void setInputMatrices(VectorArray A, VectorArray B) {
      ^~~~~~~~~~~~~~~~
../src/ex5main.c:172:18: warning: passing argument 1 of 'displayMatrix' from incompatible pointer type [-Wincompatible-pointer-types]
    displayMatrix(A);
                  ^
../src/ex5main.c:48:6: note: expected 'vectorType * {aka union <anonymous> *}' but argument is of type 'vectorType (*)[4] {aka union <anonymous> (*)[4]}'
 void displayMatrix(VectorArray input) {
      ^~~~~~~~~~~~~
../src/ex5main.c:173:20: warning: passing argument 1 of 'multiMatrixSoft' from incompatible pointer type [-Wincompatible-pointer-types]
    multiMatrixSoft(A, B, P);
                    ^
../src/ex5main.c:61:6: note: expected 'vectorType * {aka union <anonymous> *}' but argument is of type 'vectorType (*)[4] {aka union <anonymous> (*)[4]}'
 void multiMatrixSoft(VectorArray A, VectorArray B, VectorArray P) {
      ^~~~~~~~~~~~~~~
../src/ex5main.c:173:23: warning: passing argument 2 of 'multiMatrixSoft' from incompatible pointer type [-Wincompatible-pointer-types]
    multiMatrixSoft(A, B, P);
                       ^
../src/ex5main.c:61:6: note: expected 'vectorType * {aka union <anonymous> *}' but argument is of type 'vectorType (*)[4] {aka union <anonymous> (*)[4]}'
 void multiMatrixSoft(VectorArray A, VectorArray B, VectorArray P) {
      ^~~~~~~~~~~~~~~
../src/ex5main.c:173:26: warning: passing argument 3 of 'multiMatrixSoft' from incompatible pointer type [-Wincompatible-pointer-types]
    multiMatrixSoft(A, B, P);
                          ^
../src/ex5main.c:61:6: note: expected 'vectorType * {aka union <anonymous> *}' but argument is of type 'vectorType (*)[4] {aka union <anonymous> (*)[4]}'
 void multiMatrixSoft(VectorArray A, VectorArray B, VectorArray P) {
      ^~~~~~~~~~~~~~~
../src/ex5main.c:174:18: warning: passing argument 1 of 'displayMatrix' from incompatible pointer type [-Wincompatible-pointer-types]
    displayMatrix(P);
                  ^
../src/ex5main.c:48:6: note: expected 'vectorType * {aka union <anonymous> *}' but argument is of type 'vectorType (*)[4] {aka union <anonymous> (*)[4]}'
 void displayMatrix(VectorArray input) {
      ^~~~~~~~~~~~~
../src/ex5main.c:177:21: warning: passing argument 1 of 'setInputMatrices' from incompatible pointer type [-Wincompatible-pointer-types]
    setInputMatrices(A, B);
                     ^
../src/ex5main.c:30:6: note: expected 'vectorType * {aka union <anonymous> *}' but argument is of type 'vectorType (*)[4] {aka union <anonymous> (*)[4]}'
 void setInputMatrices(VectorArray A, VectorArray B) {
      ^~~~~~~~~~~~~~~~
../src/ex5main.c:177:24: warning: passing argument 2 of 'setInputMatrices' from incompatible pointer type [-Wincompatible-pointer-types]
    setInputMatrices(A, B);
                        ^
../src/ex5main.c:30:6: note: expected 'vectorType * {aka union <anonymous> *}' but argument is of type 'vectorType (*)[4] {aka union <anonymous> (*)[4]}'
 void setInputMatrices(VectorArray A, VectorArray B) {
      ^~~~~~~~~~~~~~~~
../src/ex5main.c:178:18: warning: passing argument 1 of 'displayMatrix' from incompatible pointer type [-Wincompatible-pointer-types]
    displayMatrix(A);
                  ^
../src/ex5main.c:48:6: note: expected 'vectorType * {aka union <anonymous> *}' but argument is of type 'vectorType (*)[4] {aka union <anonymous> (*)[4]}'
 void displayMatrix(VectorArray input) {
      ^~~~~~~~~~~~~
../src/ex5main.c:179:20: warning: passing argument 1 of 'multiMatrixSoft' from incompatible pointer type [-Wincompatible-pointer-types]
    multiMatrixSoft(A, B, P);
                    ^
../src/ex5main.c:61:6: note: expected 'vectorType * {aka union <anonymous> *}' but argument is of type 'vectorType (*)[4] {aka union <anonymous> (*)[4]}'
 void multiMatrixSoft(VectorArray A, VectorArray B, VectorArray P) {
      ^~~~~~~~~~~~~~~
../src/ex5main.c:179:23: warning: passing argument 2 of 'multiMatrixSoft' from incompatible pointer type [-Wincompatible-pointer-types]
    multiMatrixSoft(A, B, P);
                       ^
../src/ex5main.c:61:6: note: expected 'vectorType * {aka union <anonymous> *}' but argument is of type 'vectorType (*)[4] {aka union <anonymous> (*)[4]}'
 void multiMatrixSoft(VectorArray A, VectorArray B, VectorArray P) {
      ^~~~~~~~~~~~~~~
../src/ex5main.c:179:26: warning: passing argument 3 of 'multiMatrixSoft' from incompatible pointer type [-Wincompatible-pointer-types]
    multiMatrixSoft(A, B, P);
                          ^
../src/ex5main.c:61:6: note: expected 'vectorType * {aka union <anonymous> *}' but argument is of type 'vectorType (*)[4] {aka union <anonymous> (*)[4]}'
 void multiMatrixSoft(VectorArray A, VectorArray B, VectorArray P) {
      ^~~~~~~~~~~~~~~
../src/ex5main.c:180:18: warning: passing argument 1 of 'displayMatrix' from incompatible pointer type [-Wincompatible-pointer-types]
    displayMatrix(P);
                  ^
../src/ex5main.c:48:6: note: expected 'vectorType * {aka union <anonymous> *}' but argument is of type 'vectorType (*)[4] {aka union <anonymous> (*)[4]}'
 void displayMatrix(VectorArray input) {
      ^~~~~~~~~~~~~
../src/ex5main.c:184:8: error: 'XPAR_MATRIX_IP_0_S_AXI_BASEADDR' undeclared (first use in this function)
        XPAR_MATRIX_IP_0_S_AXI_BASEADDR
        ^~~~~~~~~~~~~~~~~~~~~~~~~~~~~~~
../src/ex5main.c:184:8: note: each undeclared identifier is reported only once for each function it appears in
../src/ex5main.c:185:12: error: 'MATRIX_IP_S_AXI_SLV_REG0_OFFSET' undeclared (first use in this function)
          + MATRIX_IP_S_AXI_SLV_REG0_OFFSET,
            ^~~~~~~~~~~~~~~~~~~~~~~~~~~~~~~
../src/ex5main.c:186:14: error: '(vectorType *)&A[row]' is a pointer; did you mean to use '->'?
        A[row].vect);
              ^
              ->
../src/ex5main.c:189:12: error: 'MATRIX_IP_S_AXI_SLV_REG1_OFFSET' undeclared (first use in this function)
          + MATRIX_IP_S_AXI_SLV_REG1_OFFSET,
            ^~~~~~~~~~~~~~~~~~~~~~~~~~~~~~~
../src/ex5main.c:190:14: error: '(vectorType *)&B[col]' is a pointer; did you mean to use '->'?
        B[col].vect);
              ^
              ->
../src/ex5main.c:191:12: error: '(vectorType *)&P[row]' is a pointer; did you mean to use '->'?
      P[row].comp[col] = Xil_In32(
            ^
            ->
../src/ex5main.c:193:12: error: 'MATRIX_IP_S_AXI_SLV_REG2_OFFSET' undeclared (first use in this function)
          + MATRIX_IP_S_AXI_SLV_REG2_OFFSET);
            ^~~~~~~~~~~~~~~~~~~~~~~~~~~~~~~
make: *** [src/ex5main.o] Error 1
11:49:03 **** Auto Build of configuration Debug for project ex5 ****
make pre-build main-build 
a9-linaro-pre-build-step
' '
'Building file: ../src/ex5main.c'
'Invoking: ARM v7 gcc compiler'
arm-none-eabi-gcc -Wall -O0 -g3 -c -fmessage-length=0 -MT"src/ex5main.o" -mcpu=cortex-a9 -mfpu=vfpv3 -mfloat-abi=hard -I../../ex5_bsp/ps7_cortexa9_0/include -MMD -MP -MF"src/ex5main.d" -MT"src/ex5main.o" -o "src/ex5main.o" "../src/ex5main.c"
../src/ex5main.c: In function 'displayMatrix':
../src/ex5main.c:49:12: warning: unused variable 'counter' [-Wunused-variable]
  int i, j, counter = 1;
            ^~~~~~~
../src/ex5main.c: In function 'multiMatrixHard':
../src/ex5main.c:85:29: warning: unused variable 'k' [-Wunused-variable]
  int i, j, transpose[4][4], k;
                             ^
../src/ex5main.c:85:12: warning: variable 'transpose' set but not used [-Wunused-but-set-variable]
  int i, j, transpose[4][4], k;
            ^~~~~~~~~
../src/ex5main.c: At top level:
../src/ex5main.c:109:1: error: expected identifier or '(' before '}' token
 }
 ^
../src/ex5main.c: In function 'main':
../src/ex5main.c:171:21: warning: passing argument 1 of 'setInputMatrices' from incompatible pointer type [-Wincompatible-pointer-types]
    setInputMatrices(A, B);
                     ^
../src/ex5main.c:30:6: note: expected 'vectorType * {aka union <anonymous> *}' but argument is of type 'vectorType (*)[4] {aka union <anonymous> (*)[4]}'
 void setInputMatrices(VectorArray A, VectorArray B) {
      ^~~~~~~~~~~~~~~~
../src/ex5main.c:171:24: warning: passing argument 2 of 'setInputMatrices' from incompatible pointer type [-Wincompatible-pointer-types]
    setInputMatrices(A, B);
                        ^
../src/ex5main.c:30:6: note: expected 'vectorType * {aka union <anonymous> *}' but argument is of type 'vectorType (*)[4] {aka union <anonymous> (*)[4]}'
 void setInputMatrices(VectorArray A, VectorArray B) {
      ^~~~~~~~~~~~~~~~
../src/ex5main.c:172:18: warning: passing argument 1 of 'displayMatrix' from incompatible pointer type [-Wincompatible-pointer-types]
    displayMatrix(A);
                  ^
../src/ex5main.c:48:6: note: expected 'vectorType * {aka union <anonymous> *}' but argument is of type 'vectorType (*)[4] {aka union <anonymous> (*)[4]}'
 void displayMatrix(VectorArray input) {
      ^~~~~~~~~~~~~
../src/ex5main.c:173:20: warning: passing argument 1 of 'multiMatrixSoft' from incompatible pointer type [-Wincompatible-pointer-types]
    multiMatrixSoft(A, B, P);
                    ^
../src/ex5main.c:61:6: note: expected 'vectorType * {aka union <anonymous> *}' but argument is of type 'vectorType (*)[4] {aka union <anonymous> (*)[4]}'
 void multiMatrixSoft(VectorArray A, VectorArray B, VectorArray P) {
      ^~~~~~~~~~~~~~~
../src/ex5main.c:173:23: warning: passing argument 2 of 'multiMatrixSoft' from incompatible pointer type [-Wincompatible-pointer-types]
    multiMatrixSoft(A, B, P);
                       ^
../src/ex5main.c:61:6: note: expected 'vectorType * {aka union <anonymous> *}' but argument is of type 'vectorType (*)[4] {aka union <anonymous> (*)[4]}'
 void multiMatrixSoft(VectorArray A, VectorArray B, VectorArray P) {
      ^~~~~~~~~~~~~~~
../src/ex5main.c:173:26: warning: passing argument 3 of 'multiMatrixSoft' from incompatible pointer type [-Wincompatible-pointer-types]
    multiMatrixSoft(A, B, P);
                          ^
../src/ex5main.c:61:6: note: expected 'vectorType * {aka union <anonymous> *}' but argument is of type 'vectorType (*)[4] {aka union <anonymous> (*)[4]}'
 void multiMatrixSoft(VectorArray A, VectorArray B, VectorArray P) {
      ^~~~~~~~~~~~~~~
../src/ex5main.c:174:18: warning: passing argument 1 of 'displayMatrix' from incompatible pointer type [-Wincompatible-pointer-types]
    displayMatrix(P);
                  ^
../src/ex5main.c:48:6: note: expected 'vectorType * {aka union <anonymous> *}' but argument is of type 'vectorType (*)[4] {aka union <anonymous> (*)[4]}'
 void displayMatrix(VectorArray input) {
      ^~~~~~~~~~~~~
../src/ex5main.c:177:21: warning: passing argument 1 of 'setInputMatrices' from incompatible pointer type [-Wincompatible-pointer-types]
    setInputMatrices(A, B);
                     ^
../src/ex5main.c:30:6: note: expected 'vectorType * {aka union <anonymous> *}' but argument is of type 'vectorType (*)[4] {aka union <anonymous> (*)[4]}'
 void setInputMatrices(VectorArray A, VectorArray B) {
      ^~~~~~~~~~~~~~~~
../src/ex5main.c:177:24: warning: passing argument 2 of 'setInputMatrices' from incompatible pointer type [-Wincompatible-pointer-types]
    setInputMatrices(A, B);
                        ^
../src/ex5main.c:30:6: note: expected 'vectorType * {aka union <anonymous> *}' but argument is of type 'vectorType (*)[4] {aka union <anonymous> (*)[4]}'
 void setInputMatrices(VectorArray A, VectorArray B) {
      ^~~~~~~~~~~~~~~~
../src/ex5main.c:178:18: warning: passing argument 1 of 'displayMatrix' from incompatible pointer type [-Wincompatible-pointer-types]
    displayMatrix(A);
                  ^
../src/ex5main.c:48:6: note: expected 'vectorType * {aka union <anonymous> *}' but argument is of type 'vectorType (*)[4] {aka union <anonymous> (*)[4]}'
 void displayMatrix(VectorArray input) {
      ^~~~~~~~~~~~~
../src/ex5main.c:179:20: warning: passing argument 1 of 'multiMatrixSoft' from incompatible pointer type [-Wincompatible-pointer-types]
    multiMatrixSoft(A, B, P);
                    ^
../src/ex5main.c:61:6: note: expected 'vectorType * {aka union <anonymous> *}' but argument is of type 'vectorType (*)[4] {aka union <anonymous> (*)[4]}'
 void multiMatrixSoft(VectorArray A, VectorArray B, VectorArray P) {
      ^~~~~~~~~~~~~~~
../src/ex5main.c:179:23: warning: passing argument 2 of 'multiMatrixSoft' from incompatible pointer type [-Wincompatible-pointer-types]
    multiMatrixSoft(A, B, P);
                       ^
../src/ex5main.c:61:6: note: expected 'vectorType * {aka union <anonymous> *}' but argument is of type 'vectorType (*)[4] {aka union <anonymous> (*)[4]}'
 void multiMatrixSoft(VectorArray A, VectorArray B, VectorArray P) {
      ^~~~~~~~~~~~~~~
../src/ex5main.c:179:26: warning: passing argument 3 of 'multiMatrixSoft' from incompatible pointer type [-Wincompatible-pointer-types]
    multiMatrixSoft(A, B, P);
                          ^
../src/ex5main.c:61:6: note: expected 'vectorType * {aka union <anonymous> *}' but argument is of type 'vectorType (*)[4] {aka union <anonymous> (*)[4]}'
[...]
../src/ex5main.c:189:26: error: 'end_t' undeclared (first use in this function)
       total_t = (double)(end_t - start_t) / CLOCKS_PER_SEC;
                          ^~~~~
../src/ex5main.c:189:34: error: 'start_t' undeclared (first use in this function)
       total_t = (double)(end_t - start_t) / CLOCKS_PER_SEC;
                                  ^~~~~~~
make: *** [src/ex5main.o] Error 1
11:41:39 **** Auto Build of configuration Debug for project ex5 ****
make pre-build main-build 
a9-linaro-pre-build-step
' '
'Building file: ../src/ex5main.c'
'Invoking: ARM v7 gcc compiler'
arm-none-eabi-gcc -Wall -O0 -g3 -c -fmessage-length=0 -MT"src/ex5main.o" -mcpu=cortex-a9 -mfpu=vfpv3 -mfloat-abi=hard -I../../ex5_bsp/ps7_cortexa9_0/include -MMD -MP -MF"src/ex5main.d" -MT"src/ex5main.o" -o "src/ex5main.o" "../src/ex5main.c"
../src/ex5main.c: In function 'displayMatrix':
../src/ex5main.c:52:12: warning: unused variable 'counter' [-Wunused-variable]
  int i, j, counter = 1;
            ^~~~~~~
../src/ex5main.c: In function 'multiMatrixHard':
../src/ex5main.c:88:29: warning: unused variable 'k' [-Wunused-variable]
  int i, j, transpose[4][4], k;
                             ^
../src/ex5main.c:88:12: warning: variable 'transpose' set but not used [-Wunused-but-set-variable]
  int i, j, transpose[4][4], k;
            ^~~~~~~~~
../src/ex5main.c: In function 'main':
../src/ex5main.c:189:57: error: 'total_t' undeclared (first use in this function)
       xil_printf("HARDWARE: time taken by CPU: %f\r\n", total_t);
                                                         ^~~~~~~
../src/ex5main.c:189:57: note: each undeclared identifier is reported only once for each function it appears in
make: *** [src/ex5main.o] Error 1
11:45:49 **** Auto Build of configuration Debug for project ex5 ****
make pre-build main-build 
a9-linaro-pre-build-step
' '
'Building file: ../src/ex5main.c'
'Invoking: ARM v7 gcc compiler'
arm-none-eabi-gcc -Wall -O0 -g3 -c -fmessage-length=0 -MT"src/ex5main.o" -mcpu=cortex-a9 -mfpu=vfpv3 -mfloat-abi=hard -I../../ex5_bsp/ps7_cortexa9_0/include -MMD -MP -MF"src/ex5main.d" -MT"src/ex5main.o" -o "src/ex5main.o" "../src/ex5main.c"
../src/ex5main.c: In function 'displayMatrix':
../src/ex5main.c:52:12: warning: unused variable 'counter' [-Wunused-variable]
  int i, j, counter = 1;
            ^~~~~~~
../src/ex5main.c: In function 'multiMatrixHard':
../src/ex5main.c:88:29: warning: unused variable 'k' [-Wunused-variable]
  int i, j, transpose[4][4], k;
                             ^
../src/ex5main.c:88:12: warning: variable 'transpose' set but not used [-Wunused-but-set-variable]
  int i, j, transpose[4][4], k;
            ^~~~~~~~~
../src/ex5main.c: In function 'main':
../src/ex5main.c:187:4: error: expected '=', ',', ';', 'asm' or '__attribute__' before 'start'
    start = XScuTimer_GetCounterValue(TimerInstancePtr);
    ^~~~~
../src/ex5main.c:192:57: error: 'end' undeclared (first use in this function)
       xil_printf("HARDWARE: time taken by CPU: %d\r\n", end-start);
                                                         ^~~
../src/ex5main.c:192:57: note: each undeclared identifier is reported only once for each function it appears in
make: *** [src/ex5main.o] Error 1
11:46:02 **** Auto Build of configuration Debug for project ex5 ****
make pre-build main-build 
a9-linaro-pre-build-step
' '
'Building file: ../src/ex5main.c'
'Invoking: ARM v7 gcc compiler'
arm-none-eabi-gcc -Wall -O0 -g3 -c -fmessage-length=0 -MT"src/ex5main.o" -mcpu=cortex-a9 -mfpu=vfpv3 -mfloat-abi=hard -I../../ex5_bsp/ps7_cortexa9_0/include -MMD -MP -MF"src/ex5main.d" -MT"src/ex5main.o" -o "src/ex5main.o" "../src/ex5main.c"
../src/ex5main.c: In function 'displayMatrix':
../src/ex5main.c:52:12: warning: unused variable 'counter' [-Wunused-variable]
  int i, j, counter = 1;
            ^~~~~~~
../src/ex5main.c: In function 'multiMatrixHard':
../src/ex5main.c:88:29: warning: unused variable 'k' [-Wunused-variable]
  int i, j, transpose[4][4], k;
                             ^
../src/ex5main.c:88:12: warning: variable 'transpose' set but not used [-Wunused-but-set-variable]
  int i, j, transpose[4][4], k;
            ^~~~~~~~~
../src/ex5main.c: In function 'main':
../src/ex5main.c:192:7: warning: 'end' may be used uninitialized in this function [-Wmaybe-uninitialized]
       xil_printf("HARDWARE: time taken by CPU: %d\r\n", end-start);
       ^~~~~~~~~~~~~~~~~~~~~~~~~~~~~~~~~~~~~~~~~~~~~~~~~~~~~~~~~~~~
'Finished building: ../src/ex5main.c'
' '
'Building target: ex5.elf'
'Invoking: ARM v7 gcc linker'
arm-none-eabi-gcc -mcpu=cortex-a9 -mfpu=vfpv3 -mfloat-abi=hard -Wl,-build-id=none -specs=Xilinx.spec -Wl,-T -Wl,../src/lscript.ld -L../../ex5_bsp/ps7_cortexa9_0/lib -o "ex5.elf"  ./src/ex5main.o   -Wl,--start-group,-lxil,-lgcc,-lc,--end-group
'Finished building target: ex5.elf'
' '
'Invoking: ARM v7 Print Size'
arm-none-eabi-size ex5.elf  |tee "ex5.elf.size"
   text	   data	    bss	    dec	    hex	filename
  26284	   1196	  22632	  50112	   c3c0	ex5.elf
'Finished building: ex5.elf.size'
' '
11:46:34 **** Auto Build of configuration Debug for project ex5 ****
make pre-build main-build 
a9-linaro-pre-build-step
' '
'Building file: ../src/ex5main.c'
'Invoking: ARM v7 gcc compiler'
arm-none-eabi-gcc -Wall -O0 -g3 -c -fmessage-length=0 -MT"src/ex5main.o" -mcpu=cortex-a9 -mfpu=vfpv3 -mfloat-abi=hard -I../../ex5_bsp/ps7_cortexa9_0/include -MMD -MP -MF"src/ex5main.d" -MT"src/ex5main.o" -o "src/ex5main.o" "../src/ex5main.c"
../src/ex5main.c: In function 'displayMatrix':
../src/ex5main.c:52:12: warning: unused variable 'counter' [-Wunused-variable]
  int i, j, counter = 1;
            ^~~~~~~
../src/ex5main.c: In function 'multiMatrixHard':
../src/ex5main.c:88:29: warning: unused variable 'k' [-Wunused-variable]
  int i, j, transpose[4][4], k;
                             ^
../src/ex5main.c:88:12: warning: variable 'transpose' set but not used [-Wunused-but-set-variable]
  int i, j, transpose[4][4], k;
            ^~~~~~~~~
'Finished building: ../src/ex5main.c'
' '
'Building target: ex5.elf'
'Invoking: ARM v7 gcc linker'
arm-none-eabi-gcc -mcpu=cortex-a9 -mfpu=vfpv3 -mfloat-abi=hard -Wl,-build-id=none -specs=Xilinx.spec -Wl,-T -Wl,../src/lscript.ld -L../../ex5_bsp/ps7_cortexa9_0/lib -o "ex5.elf"  ./src/ex5main.o   -Wl,--start-group,-lxil,-lgcc,-lc,--end-group
'Finished building target: ex5.elf'
' '
'Invoking: ARM v7 Print Size'
arm-none-eabi-size ex5.elf  |tee "ex5.elf.size"
   text	   data	    bss	    dec	    hex	filename
  26284	   1196	  22632	  50112	   c3c0	ex5.elf
'Finished building: ex5.elf.size'
' '
11:46:39 **** Incremental Build of configuration Debug for project ex5 ****
make pre-build main-build 
a9-linaro-pre-build-step
' '
make: Nothing to be done for `main-build'.
11:47:32 **** Auto Build of configuration Debug for project ex5 ****
make pre-build main-build 
a9-linaro-pre-build-step
' '
'Building file: ../src/ex5main.c'
'Invoking: ARM v7 gcc compiler'
arm-none-eabi-gcc -Wall -O0 -g3 -c -fmessage-length=0 -MT"src/ex5main.o" -mcpu=cortex-a9 -mfpu=vfpv3 -mfloat-abi=hard -I../../ex5_bsp/ps7_cortexa9_0/include -MMD -MP -MF"src/ex5main.d" -MT"src/ex5main.o" -o "src/ex5main.o" "../src/ex5main.c"
../src/ex5main.c: In function 'displayMatrix':
../src/ex5main.c:52:12: warning: unused variable 'counter' [-Wunused-variable]
  int i, j, counter = 1;
            ^~~~~~~
../src/ex5main.c: In function 'multiMatrixHard':
../src/ex5main.c:88:29: warning: unused variable 'k' [-Wunused-variable]
  int i, j, transpose[4][4], k;
                             ^
../src/ex5main.c:88:12: warning: variable 'transpose' set but not used [-Wunused-but-set-variable]
  int i, j, transpose[4][4], k;
            ^~~~~~~~~
'Finished building: ../src/ex5main.c'
' '
'Building target: ex5.elf'
'Invoking: ARM v7 gcc linker'
arm-none-eabi-gcc -mcpu=cortex-a9 -mfpu=vfpv3 -mfloat-abi=hard -Wl,-build-id=none -specs=Xilinx.spec -Wl,-T -Wl,../src/lscript.ld -L../../ex5_bsp/ps7_cortexa9_0/lib -o "ex5.elf"  ./src/ex5main.o   -Wl,--start-group,-lxil,-lgcc,-lc,--end-group
'Finished building target: ex5.elf'
' '
'Invoking: ARM v7 Print Size'
arm-none-eabi-size ex5.elf  |tee "ex5.elf.size"
   text	   data	    bss	    dec	    hex	filename
  26284	   1196	  22632	  50112	   c3c0	ex5.elf
'Finished building: ex5.elf.size'
' '
11:47:53 **** Auto Build of configuration Debug for project ex5 ****
make pre-build main-build 
a9-linaro-pre-build-step
' '
'Building file: ../src/ex5main.c'
'Invoking: ARM v7 gcc compiler'
arm-none-eabi-gcc -Wall -O0 -g3 -c -fmessage-length=0 -MT"src/ex5main.o" -mcpu=cortex-a9 -mfpu=vfpv3 -mfloat-abi=hard -I../../ex5_bsp/ps7_cortexa9_0/include -MMD -MP -MF"src/ex5main.d" -MT"src/ex5main.o" -o "src/ex5main.o" "../src/ex5main.c"
../src/ex5main.c: In function 'displayMatrix':
../src/ex5main.c:52:12: warning: unused variable 'counter' [-Wunused-variable]
  int i, j, counter = 1;
            ^~~~~~~
../src/ex5main.c: In function 'multiMatrixHard':
../src/ex5main.c:88:29: warning: unused variable 'k' [-Wunused-variable]
  int i, j, transpose[4][4], k;
                             ^
../src/ex5main.c:88:12: warning: variable 'transpose' set but not used [-Wunused-but-set-variable]
  int i, j, transpose[4][4], k;
            ^~~~~~~~~
'Finished building: ../src/ex5main.c'
' '
'Building target: ex5.elf'
'Invoking: ARM v7 gcc linker'
arm-none-eabi-gcc -mcpu=cortex-a9 -mfpu=vfpv3 -mfloat-abi=hard -Wl,-build-id=none -specs=Xilinx.spec -Wl,-T -Wl,../src/lscript.ld -L../../ex5_bsp/ps7_cortexa9_0/lib -o "ex5.elf"  ./src/ex5main.o   -Wl,--start-group,-lxil,-lgcc,-lc,--end-group
'Finished building target: ex5.elf'
' '
'Invoking: ARM v7 Print Size'
arm-none-eabi-size ex5.elf  |tee "ex5.elf.size"
   text	   data	    bss	    dec	    hex	filename
  26284	   1196	  22632	  50112	   c3c0	ex5.elf
'Finished building: ex5.elf.size'
' '
11:47:56 **** Incremental Build of configuration Debug for project ex5 ****
make pre-build main-build 
a9-linaro-pre-build-step
' '
make: Nothing to be done for `main-build'.
11:49:20 **** Auto Build of configuration Debug for project ex5 ****
make pre-build main-build 
a9-linaro-pre-build-step
' '
'Building file: ../src/ex5main.c'
'Invoking: ARM v7 gcc compiler'
arm-none-eabi-gcc -Wall -O0 -g3 -c -fmessage-length=0 -MT"src/ex5main.o" -mcpu=cortex-a9 -mfpu=vfpv3 -mfloat-abi=hard -I../../ex5_bsp/ps7_cortexa9_0/include -MMD -MP -MF"src/ex5main.d" -MT"src/ex5main.o" -o "src/ex5main.o" "../src/ex5main.c"
../src/ex5main.c: In function 'displayMatrix':
../src/ex5main.c:52:12: warning: unused variable 'counter' [-Wunused-variable]
  int i, j, counter = 1;
            ^~~~~~~
../src/ex5main.c: In function 'multiMatrixHard':
../src/ex5main.c:88:29: warning: unused variable 'k' [-Wunused-variable]
  int i, j, transpose[4][4], k;
                             ^
../src/ex5main.c:88:12: warning: variable 'transpose' set but not used [-Wunused-but-set-variable]
  int i, j, transpose[4][4], k;
            ^~~~~~~~~
../src/ex5main.c: In function 'main':
../src/ex5main.c:191:17: error: redeclaration of 'start' with no linkage
    unsigned int start, end;
                 ^~~~~
../src/ex5main.c:176:17: note: previous declaration of 'start' was here
    unsigned int start, end;
                 ^~~~~
../src/ex5main.c:191:24: error: redeclaration of 'end' with no linkage
    unsigned int start, end;
                        ^~~
../src/ex5main.c:176:24: note: previous declaration of 'end' was here
    unsigned int start, end;
                        ^~~
make: *** [src/ex5main.o] Error 1
11:49:35 **** Auto Build of configuration Debug for project ex5 ****
make pre-build main-build 
a9-linaro-pre-build-step
' '
'Building file: ../src/ex5main.c'
'Invoking: ARM v7 gcc compiler'
arm-none-eabi-gcc -Wall -O0 -g3 -c -fmessage-length=0 -MT"src/ex5main.o" -mcpu=cortex-a9 -mfpu=vfpv3 -mfloat-abi=hard -I../../ex5_bsp/ps7_cortexa9_0/include -MMD -MP -MF"src/ex5main.d" -MT"src/ex5main.o" -o "src/ex5main.o" "../src/ex5main.c"
../src/ex5main.c: In function 'displayMatrix':
../src/ex5main.c:52:12: warning: unused variable 'counter' [-Wunused-variable]
  int i, j, counter = 1;
            ^~~~~~~
../src/ex5main.c: In function 'multiMatrixHard':
../src/ex5main.c:88:29: warning: unused variable 'k' [-Wunused-variable]
  int i, j, transpose[4][4], k;
                             ^
../src/ex5main.c:88:12: warning: variable 'transpose' set but not used [-Wunused-but-set-variable]
  int i, j, transpose[4][4], k;
            ^~~~~~~~~
'Finished building: ../src/ex5main.c'
' '
'Building target: ex5.elf'
'Invoking: ARM v7 gcc linker'
arm-none-eabi-gcc -mcpu=cortex-a9 -mfpu=vfpv3 -mfloat-abi=hard -Wl,-build-id=none -specs=Xilinx.spec -Wl,-T -Wl,../src/lscript.ld -L../../ex5_bsp/ps7_cortexa9_0/lib -o "ex5.elf"  ./src/ex5main.o   -Wl,--start-group,-lxil,-lgcc,-lc,--end-group
'Finished building target: ex5.elf'
' '
'Invoking: ARM v7 Print Size'
arm-none-eabi-size ex5.elf  |tee "ex5.elf.size"
   text	   data	    bss	    dec	    hex	filename
  26412	   1196	  22632	  50240	   c440	ex5.elf
'Finished building: ex5.elf.size'
' '
11:49:40 **** Incremental Build of configuration Debug for project ex5 ****
make pre-build main-build 
a9-linaro-pre-build-step
' '
make: Nothing to be done for `main-build'.
11:51:06 **** Auto Build of configuration Debug for project ex5 ****
make pre-build main-build 
a9-linaro-pre-build-step
' '
'Building file: ../src/ex5main.c'
'Invoking: ARM v7 gcc compiler'
arm-none-eabi-gcc -Wall -O0 -g3 -c -fmessage-length=0 -MT"src/ex5main.o" -mcpu=cortex-a9 -mfpu=vfpv3 -mfloat-abi=hard -I../../ex5_bsp/ps7_cortexa9_0/include -MMD -MP -MF"src/ex5main.d" -MT"src/ex5main.o" -o "src/ex5main.o" "../src/ex5main.c"
../src/ex5main.c: In function 'displayMatrix':
../src/ex5main.c:52:12: warning: unused variable 'counter' [-Wunused-variable]
  int i, j, counter = 1;
            ^~~~~~~
../src/ex5main.c: In function 'multiMatrixHard':
../src/ex5main.c:88:29: warning: unused variable 'k' [-Wunused-variable]
  int i, j, transpose[4][4], k;
                             ^
../src/ex5main.c:88:12: warning: variable 'transpose' set but not used [-Wunused-but-set-variable]
  int i, j, transpose[4][4], k;
            ^~~~~~~~~
'Finished building: ../src/ex5main.c'
' '
'Building target: ex5.elf'
'Invoking: ARM v7 gcc linker'
arm-none-eabi-gcc -mcpu=cortex-a9 -mfpu=vfpv3 -mfloat-abi=hard -Wl,-build-id=none -specs=Xilinx.spec -Wl,-T -Wl,../src/lscript.ld -L../../ex5_bsp/ps7_cortexa9_0/lib -o "ex5.elf"  ./src/ex5main.o   -Wl,--start-group,-lxil,-lgcc,-lc,--end-group
'Finished building target: ex5.elf'
' '
'Invoking: ARM v7 Print Size'
arm-none-eabi-size ex5.elf  |tee "ex5.elf.size"
   text	   data	    bss	    dec	    hex	filename
  26412	   1196	  22632	  50240	   c440	ex5.elf
'Finished building: ex5.elf.size'
' '
11:51:16 **** Incremental Build of configuration Debug for project ex5 ****
make pre-build main-build 
a9-linaro-pre-build-step
' '
make: Nothing to be done for `main-build'.
11:53:30 **** Auto Build of configuration Debug for project ex5 ****
make pre-build main-build 
a9-linaro-pre-build-step
' '
'Building file: ../src/ex5main.c'
'Invoking: ARM v7 gcc compiler'
arm-none-eabi-gcc -Wall -O0 -g3 -c -fmessage-length=0 -MT"src/ex5main.o" -mcpu=cortex-a9 -mfpu=vfpv3 -mfloat-abi=hard -I../../ex5_bsp/ps7_cortexa9_0/include -MMD -MP -MF"src/ex5main.d" -MT"src/ex5main.o" -o "src/ex5main.o" "../src/ex5main.c"
../src/ex5main.c: In function 'displayMatrix':
../src/ex5main.c:52:12: warning: unused variable 'counter' [-Wunused-variable]
  int i, j, counter = 1;
            ^~~~~~~
../src/ex5main.c: In function 'multiMatrixHard':
../src/ex5main.c:88:29: warning: unused variable 'k' [-Wunused-variable]
  int i, j, transpose[4][4], k;
                             ^
../src/ex5main.c:88:12: warning: variable 'transpose' set but not used [-Wunused-but-set-variable]
  int i, j, transpose[4][4], k;
            ^~~~~~~~~
'Finished building: ../src/ex5main.c'
' '
'Building target: ex5.elf'
'Invoking: ARM v7 gcc linker'
arm-none-eabi-gcc -mcpu=cortex-a9 -mfpu=vfpv3 -mfloat-abi=hard -Wl,-build-id=none -specs=Xilinx.spec -Wl,-T -Wl,../src/lscript.ld -L../../ex5_bsp/ps7_cortexa9_0/lib -o "ex5.elf"  ./src/ex5main.o   -Wl,--start-group,-lxil,-lgcc,-lc,--end-group
'Finished building target: ex5.elf'
' '
'Invoking: ARM v7 Print Size'
arm-none-eabi-size ex5.elf  |tee "ex5.elf.size"
   text	   data	    bss	    dec	    hex	filename
  26416	   1196	  22632	  50244	   c444	ex5.elf
'Finished building: ex5.elf.size'
' '
11:53:33 **** Incremental Build of configuration Debug for project ex5 ****
make pre-build main-build 
a9-linaro-pre-build-step
' '
make: Nothing to be done for `main-build'.
11:54:42 **** Auto Build of configuration Debug for project ex5 ****
make pre-build main-build 
a9-linaro-pre-build-step
' '
'Building file: ../src/ex5main.c'
'Invoking: ARM v7 gcc compiler'
arm-none-eabi-gcc -Wall -O0 -g3 -c -fmessage-length=0 -MT"src/ex5main.o" -mcpu=cortex-a9 -mfpu=vfpv3 -mfloat-abi=hard -I../../ex5_bsp/ps7_cortexa9_0/include -MMD -MP -MF"src/ex5main.d" -MT"src/ex5main.o" -o "src/ex5main.o" "../src/ex5main.c"
../src/ex5main.c: In function 'displayMatrix':
../src/ex5main.c:52:12: warning: unused variable 'counter' [-Wunused-variable]
  int i, j, counter = 1;
            ^~~~~~~
../src/ex5main.c: In function 'multiMatrixHard':
../src/ex5main.c:88:29: warning: unused variable 'k' [-Wunused-variable]
  int i, j, transpose[4][4], k;
                             ^
../src/ex5main.c:88:12: warning: variable 'transpose' set but not used [-Wunused-but-set-variable]
  int i, j, transpose[4][4], k;
            ^~~~~~~~~
'Finished building: ../src/ex5main.c'
' '
'Building target: ex5.elf'
'Invoking: ARM v7 gcc linker'
arm-none-eabi-gcc -mcpu=cortex-a9 -mfpu=vfpv3 -mfloat-abi=hard -Wl,-build-id=none -specs=Xilinx.spec -Wl,-T -Wl,../src/lscript.ld -L../../ex5_bsp/ps7_cortexa9_0/lib -o "ex5.elf"  ./src/ex5main.o   -Wl,--start-group,-lxil,-lgcc,-lc,--end-group
'Finished building target: ex5.elf'
' '
'Invoking: ARM v7 Print Size'
arm-none-eabi-size ex5.elf  |tee "ex5.elf.size"
   text	   data	    bss	    dec	    hex	filename
  26460	   1196	  22632	  50288	   c470	ex5.elf
'Finished building: ex5.elf.size'
' '
11:56:27 **** Auto Build of configuration Debug for project ex5 ****
make pre-build main-build 
a9-linaro-pre-build-step
' '
'Building file: ../src/ex5main.c'
'Invoking: ARM v7 gcc compiler'
arm-none-eabi-gcc -Wall -O0 -g3 -c -fmessage-length=0 -MT"src/ex5main.o" -mcpu=cortex-a9 -mfpu=vfpv3 -mfloat-abi=hard -I../../ex5_bsp/ps7_cortexa9_0/include -MMD -MP -MF"src/ex5main.d" -MT"src/ex5main.o" -o "src/ex5main.o" "../src/ex5main.c"
../src/ex5main.c: In function 'displayMatrix':
../src/ex5main.c:52:12: warning: unused variable 'counter' [-Wunused-variable]
  int i, j, counter = 1;
            ^~~~~~~
../src/ex5main.c: In function 'multiMatrixHard':
../src/ex5main.c:88:29: warning: unused variable 'k' [-Wunused-variable]
  int i, j, transpose[4][4], k;
                             ^
../src/ex5main.c:88:12: warning: variable 'transpose' set but not used [-Wunused-but-set-variable]
  int i, j, transpose[4][4], k;
            ^~~~~~~~~
'Finished building: ../src/ex5main.c'
' '
'Building target: ex5.elf'
'Invoking: ARM v7 gcc linker'
arm-none-eabi-gcc -mcpu=cortex-a9 -mfpu=vfpv3 -mfloat-abi=hard -Wl,-build-id=none -specs=Xilinx.spec -Wl,-T -Wl,../src/lscript.ld -L../../ex5_bsp/ps7_cortexa9_0/lib -o "ex5.elf"  ./src/ex5main.o   -Wl,--start-group,-lxil,-lgcc,-lc,--end-group
'Finished building target: ex5.elf'
' '
'Invoking: ARM v7 Print Size'
arm-none-eabi-size ex5.elf  |tee "ex5.elf.size"
   text	   data	    bss	    dec	    hex	filename
  26484	   1196	  22632	  50312	   c488	ex5.elf
'Finished building: ex5.elf.size'
' '
11:56:37 **** Incremental Build of configuration Debug for project ex5 ****
make pre-build main-build 
a9-linaro-pre-build-step
' '
make: Nothing to be done for `main-build'.
